<html>
<body>
<pre>
<h1>µVision Build Log</h1>
<h2>Tool Versions:</h2>
IDE-Version: ¦ÌVision V5.37.0.0
Copyright (C) 2022 ARM Ltd and ARM Germany GmbH. All rights reserved.
License Information: dong HP, HP Inc., LIC=EPPLD-84FHN-06AQU-SLW8A-V9YML-ISGC5
 
Tool Versions:
Toolchain:       MDK-ARM Professional  Version: 5.37.0.0
Toolchain Path:  C:\Keil_v5\ARM\ARMCLANG\Bin
C Compiler:      ArmClang.exe V6.18
Assembler:       Armasm.exe V6.18
Linker/Locator:  ArmLink.exe V6.18
Library Manager: ArmAr.exe V6.18
Hex Converter:   FromElf.exe V6.18
CPU DLL:         SARMCM3.DLL V5.37.0.0
Dialog DLL:      DARMSTM.DLL V1.69.1.0
Target DLL:      STLink\ST-LINKIII-KEIL_SWO.dll V3.0.9.0
Dialog DLL:      TARMSTM.DLL V1.67.1.0
 
<h2>Project:</h2>
C:\Users\HP\Desktop\»Øµ÷º¯Êý\Start\BoardSupport\ST\STM32F103_STM32_SK\Start_STM32F103.uvprojx
Project File Date:  05/08/2022

<h2>Output:</h2>
*** Using Compiler 'V6.18', folder: 'C:\Keil_v5\ARM\ARMCLANG\Bin'
Rebuild target 'Debug'
compiling OS_ThreadSafe.c...
compiling OS_InitSysStackInfo.c...
compiling BSP.c...
compiling SEGGER_HardFaultHandler.c...
compiling OS_Error.c...
compiling JLINKMEM_Process.c...
compiling Retarget.c...
compiling misc.c...
compiling stm32f10x_gpio.c...
compiling RTOSInit_STM32F1xx.c...
compiling OS_StartLEDBlink.c...
compiling system_stm32f10x.c...
compiling BSP_UART.c...
compiling stm32f10x_rcc.c...
assembling HardFaultHandler.S...
assembling startup_stm32f10x_hd.s...
compiling SEGGER_RTT_printf.c...
compiling SEGGER_SYSVIEW_Config_embOS.c...
compiling stm32f10x_usart.c...
compiling SEGGER_RTT.c...
compiling SEGGER_SYSVIEW_embOS.c...
compiling led.c...
assembling SEGGER_RTT_ASM_ARMv7M.S...
compiling SEGGER_SYSVIEW.c...
linking...
Program Size: Code=18924 RO-data=684 RW-data=12 ZI-data=7740  
FromELF: creating hex file...
".\Output\Debug\Start_STM32F103.axf" - 0 Error(s), 0 Warning(s).

<h2>Software Packages used:</h2>

Package Vendor: ARM
                http://www.keil.com/pack/ARM.CMSIS.5.9.0.pack
                ARM.CMSIS.5.9.0
                CMSIS (Common Microcontroller Software Interface Standard)
   * Component: CORE Version: 5.6.0

Package Vendor: Keil
                http://www.keil.com/pack/Keil.STM32F1xx_DFP.2.4.0.pack
                Keil.STM32F1xx_DFP.2.4.0
                STMicroelectronics STM32F1 Series Device Support, Drivers and Examples

<h2>Collection of Component include folders:</h2>
  ./RTE/_Debug
  C:/Users/HP/AppData/Local/Arm/Packs/ARM/CMSIS/5.9.0/CMSIS/Core/Include
  C:/Users/HP/AppData/Local/Arm/Packs/Keil/STM32F1xx_DFP/2.4.0/Device/Include

<h2>Collection of Component Files used:</h2>

   * Component: ARM::CMSIS:CORE:5.6.0
Build Time Elapsed:  00:00:02
</pre>
</body>
</html>
