Component: Arm Compiler for Embedded 6.18 Tool: armlink [5e4cc100]

==============================================================================

Section Cross References

    os_startledblink.o(.text.main) refers to OS_Kern.o(.text.OS_Init_STD) for OS_Init_STD
    os_startledblink.o(.text.main) refers to rtosinit_stm32f1xx.o(.text.OS_InitHW) for OS_InitHW
    os_startledblink.o(.text.main) refers to bsp.o(.text.BSP_Init) for BSP_Init
    os_startledblink.o(.text.main) refers to led.o(.text.LED_Init) for LED_Init
    os_startledblink.o(.text.main) refers to os_startledblink.o(.bss.StackHP) for StackHP
    os_startledblink.o(.text.main) refers to os_startledblink.o(.bss.TCBHP) for TCBHP
    os_startledblink.o(.text.main) refers to os_startledblink.o(.rodata.str1.1) for .L.str
    os_startledblink.o(.text.main) refers to os_startledblink.o(.text.HPTask) for HPTask
    os_startledblink.o(.text.main) refers to OS_Task.o(.text.OS_TASK_Create_DP) for OS_TASK_Create_DP
    os_startledblink.o(.text.main) refers to os_startledblink.o(.bss.StackLP) for StackLP
    os_startledblink.o(.text.main) refers to os_startledblink.o(.bss.TCBLP) for TCBLP
    os_startledblink.o(.text.main) refers to os_startledblink.o(.text.LPTask) for LPTask
    os_startledblink.o(.text.main) refers to os_startledblink.o(.bss.StackOther) for StackOther
    os_startledblink.o(.text.main) refers to os_startledblink.o(.bss.TCBOTHER) for TCBOTHER
    os_startledblink.o(.text.main) refers to os_startledblink.o(.text.OtherTask) for OtherTask
    os_startledblink.o(.text.main) refers to os_startledblink.o(.bss.StackLed) for StackLed
    os_startledblink.o(.text.main) refers to os_startledblink.o(.bss.TCBLED) for TCBLED
    os_startledblink.o(.text.main) refers to os_startledblink.o(.text.LedTask) for LedTask
    os_startledblink.o(.text.main) refers to OS_Info.o(.text.OS_INFO_GetVersion) for OS_INFO_GetVersion
    os_startledblink.o(.text.main) refers to os_error.o(.text.OS_Error) for OS_Error
    os_startledblink.o(.text.main) refers to OS_Kern.o(.text.OS__Start) for OS__Start
    os_startledblink.o(.ARM.exidx.text.main) refers to os_startledblink.o(.text.main) for [Anonymous Symbol]
    os_startledblink.o(.text.HPTask) refers to bsp.o(.text.BSP_ToggleLED) for BSP_ToggleLED
    os_startledblink.o(.text.HPTask) refers to OS_Task.o(.text.OS_TASK_Delay) for OS_TASK_Delay
    os_startledblink.o(.ARM.exidx.text.HPTask) refers to os_startledblink.o(.text.HPTask) for [Anonymous Symbol]
    os_startledblink.o(.text.LPTask) refers to bsp.o(.text.BSP_ToggleLED) for BSP_ToggleLED
    os_startledblink.o(.text.LPTask) refers to OS_Task.o(.text.OS_TASK_Delay) for OS_TASK_Delay
    os_startledblink.o(.ARM.exidx.text.LPTask) refers to os_startledblink.o(.text.LPTask) for [Anonymous Symbol]
    os_startledblink.o(.text.OtherTask) refers to bsp.o(.text.BSP_ToggleLED) for BSP_ToggleLED
    os_startledblink.o(.text.OtherTask) refers to OS_Task.o(.text.OS_TASK_Delay) for OS_TASK_Delay
    os_startledblink.o(.ARM.exidx.text.OtherTask) refers to os_startledblink.o(.text.OtherTask) for [Anonymous Symbol]
    os_startledblink.o(.text.LedTask) refers to OS_Task.o(.text.OS_TASK_Delay) for OS_TASK_Delay
    os_startledblink.o(.ARM.exidx.text.LedTask) refers to os_startledblink.o(.text.LedTask) for [Anonymous Symbol]
    bsp.o(.ARM.exidx.text.BSP_Init) refers to bsp.o(.text.BSP_Init) for [Anonymous Symbol]
    bsp.o(.ARM.exidx.text.BSP_SetLED) refers to bsp.o(.text.BSP_SetLED) for [Anonymous Symbol]
    bsp.o(.ARM.exidx.text.BSP_ClrLED) refers to bsp.o(.text.BSP_ClrLED) for [Anonymous Symbol]
    bsp.o(.text.BSP_ToggleLED) refers to bsp.o(.text.BSP_ClrLED) for BSP_ClrLED
    bsp.o(.text.BSP_ToggleLED) refers to bsp.o(.text.BSP_SetLED) for BSP_SetLED
    bsp.o(.ARM.exidx.text.BSP_ToggleLED) refers to bsp.o(.text.BSP_ToggleLED) for [Anonymous Symbol]
    jlinkmem_process.o(.text.JLINKMEM_Process) refers to OS_Kern.o(.text.OS_IsRunning) for OS_IsRunning
    jlinkmem_process.o(.text.JLINKMEM_Process) refers to jlinkmem_process.o(.bss._IsInited) for _IsInited
    jlinkmem_process.o(.text.JLINKMEM_Process) refers to jlinkmem_process.o(.text._Init) for _Init
    jlinkmem_process.o(.text.JLINKMEM_Process) refers to jlinkmem_process.o(.bss._BaseAddr) for _BaseAddr
    jlinkmem_process.o(.text.JLINKMEM_Process) refers to jlinkmem_process.o(.bss._TxTimeoutTimer) for _TxTimeoutTimer
    jlinkmem_process.o(.text.JLINKMEM_Process) refers to jlinkmem_process.o(.bss._TxTimeout) for _TxTimeout
    jlinkmem_process.o(.text.JLINKMEM_Process) refers to jlinkmem_process.o(.bss._TxIsPending) for _TxIsPending
    jlinkmem_process.o(.text.JLINKMEM_Process) refers to jlinkmem_process.o(.text._DropTxData) for _DropTxData
    jlinkmem_process.o(.text.JLINKMEM_Process) refers to jlinkmem_process.o(.text._Receive) for _Receive
    jlinkmem_process.o(.text.JLINKMEM_Process) refers to jlinkmem_process.o(.text._Send) for _Send
[...]
    .L.str.3                                 0x08004bf4   Data           9  os_startledblink.o(.rodata.str1.1)
    [Anonymous Symbol]                       0x08004bf4   Section        0  os_startledblink.o(.rodata.str1.1)
    .L.str                                   0x08004bfd   Data           8  os_startledblink.o(.rodata.str1.1)
    .L.str.1                                 0x08004c05   Data           8  os_startledblink.o(.rodata.str1.1)
    .L.str.2                                 0x08004c0d   Data          11  os_startledblink.o(.rodata.str1.1)
    .L.str                                   0x08004c18   Data           9  segger_rtt.o(.rodata.str1.1)
    [Anonymous Symbol]                       0x08004c18   Section        0  segger_rtt.o(.rodata.str1.1)
    .L.str                                   0x08004c21   Data           8  segger_sysview.o(.rodata.str1.1)
    [Anonymous Symbol]                       0x08004c21   Section        0  segger_sysview.o(.rodata.str1.1)
    .L.str                                   0x08004c29   Data          42  segger_sysview_config_embos.o(.rodata.str1.1)
    [Anonymous Symbol]                       0x08004c29   Section        0  segger_sysview_config_embos.o(.rodata.str1.1)
    .L.str.1                                 0x08004c53   Data          13  segger_sysview_config_embos.o(.rodata.str1.1)
    [Anonymous Symbol]                       0x08004c60   Section        0  OS_Global.o(.rodata.str1.1)
    [Anonymous Symbol]                       0x20000000   Section        0  OS_SysTick.o(.data..L_MergedGlobals)
    .bss                                     0x20000010   Section       96  libspace.o(.bss)
    _OS_TxActive                             0x20000070   Data           1  OS_Com.o(.bss..L_MergedGlobals)
    [Anonymous Symbol]                       0x20000070   Section        0  OS_Com.o(.bss..L_MergedGlobals)
    _OS_StringLen                            0x20000071   Data           1  OS_Com.o(.bss..L_MergedGlobals)
    _OutStage                                0x20000072   Data           1  OS_Com.o(.bss..L_MergedGlobals)
    _InBufferCnt                             0x20000073   Data           1  OS_Com.o(.bss..L_MergedGlobals)
    _InRdOff                                 0x20000074   Data           1  OS_Com.o(.bss..L_MergedGlobals)
    _InInt                                   0x20000075   Data           1  OS_Com.o(.bss..L_MergedGlobals)
    _InStage                                 0x20000076   Data           1  OS_Com.o(.bss..L_MergedGlobals)
    _RemLen                                  0x20000077   Data           1  OS_Com.o(.bss..L_MergedGlobals)
    _InCheckSum                              0x20000078   Data           1  OS_Com.o(.bss..L_MergedGlobals)
    _ChkSum                                  0x20000079   Data           1  OS_Com.o(.bss..L_MergedGlobals)
    _OutBufferCnt                            0x2000007a   Data           2  OS_Com.o(.bss..L_MergedGlobals)
    _TxCnt                                   0x2000007c   Data           2  OS_Com.o(.bss..L_MergedGlobals)
    _pfRXCallback                            0x20000084   Data           4  OS_Com.o(.bss..L_MergedGlobals)
    _OS_COM_pac                              0x20000088   Data           4  OS_Com.o(.bss..L_MergedGlobals)
    _abInBuffer                              0x20000090   Data           8  OS_Com.o(.bss..L_MergedGlobals)
    _OS_CPU_LoadAutoAdjust                   0x20000098   Data           1  OS_Kern.o(.bss..L_MergedGlobals)
    [Anonymous Symbol]                       0x20000098   Section        0  OS_Kern.o(.bss..L_MergedGlobals)
    _OS_ProfilingExTime                      0x2000009c   Data           4  OS_Kern.o(.bss..L_MergedGlobals)
    _OS_CPU_LoadDefaultMax                   0x200000a0   Data           4  OS_Kern.o(.bss..L_MergedGlobals)
    _OS_STAT_SampleDelta                     0x200000a4   Data           4  OS_Kern.o(.bss..L_MergedGlobals)
    _OS_STAT_SampleTime                      0x200000a8   Data           4  OS_Kern.o(.bss..L_MergedGlobals)
    _pfReset                                 0x200000ac   Data           4  OS_Kern.o(.bss..L_MergedGlobals)
    _pfTrigger                               0x200000b0   Data           4  OS_Kern.o(.bss..L_MergedGlobals)
    OS_STAT_AddLoadMeasurement._TCB          0x200000b4   Data          80  OS_Kern.o(.bss..L_MergedGlobals)
    _SysLockIsInited                         0x20000104   Data           1  OS_ThreadSafeInt.o(.bss..L_MergedGlobals)
    [Anonymous Symbol]                       0x20000104   Section        0  OS_ThreadSafeInt.o(.bss..L_MergedGlobals)
    _IntState                                0x20000108   Data           4  OS_ThreadSafeInt.o(.bss..L_MergedGlobals)
    _LockCnt                                 0x2000010c   Data           4  OS_ThreadSafeInt.o(.bss..L_MergedGlobals)
    _LockMutex                               0x20000110   Data          16  OS_ThreadSafeInt.o(.bss..L_MergedGlobals)
    HardFaultRegs                            0x20000120   Data          64  segger_hardfaulthandler.o(.bss.HardFaultRegs)
    [Anonymous Symbol]                       0x20000120   Section        0  segger_hardfaulthandler.o(.bss.HardFaultRegs)
    StackHP                                  0x20000220   Data         512  os_startledblink.o(.bss.StackHP)
    [Anonymous Symbol]                       0x20000220   Section        0  os_startledblink.o(.bss.StackHP)
    StackLP                                  0x20000420   Data         512  os_startledblink.o(.bss.StackLP)
    [Anonymous Symbol]                       0x20000420   Section        0  os_startledblink.o(.bss.StackLP)
    StackLed                                 0x20000620   Data         512  os_startledblink.o(.bss.StackLed)
    [Anonymous Symbol]                       0x20000620   Section        0  os_startledblink.o(.bss.StackLed)
    StackOther                               0x20000820   Data         512  os_startledblink.o(.bss.StackOther)
    [Anonymous Symbol]                       0x20000820   Section        0  os_startledblink.o(.bss.StackOther)
    TCBHP                                    0x20000a20   Data          80  os_startledblink.o(.bss.TCBHP)
    [Anonymous Symbol]                       0x20000a20   Section        0  os_startledblink.o(.bss.TCBHP)
    TCBLED                                   0x20000a70   Data          80  os_startledblink.o(.bss.TCBLED)
    [Anonymous Symbol]                       0x20000a70   Section        0  os_startledblink.o(.bss.TCBLED)
    TCBLP                                    0x20000ac0   Data          80  os_startledblink.o(.bss.TCBLP)
    [Anonymous Symbol]                       0x20000ac0   Section        0  os_startledblink.o(.bss.TCBLP)
    TCBOTHER                                 0x20000b10   Data          80  os_startledblink.o(.bss.TCBOTHER)
    [Anonymous Symbol]                       0x20000b10   Section        0  os_startledblink.o(.bss.TCBOTHER)
    _BaseAddr                                0x20000b60   Data           4  jlinkmem_process.o(.bss._BaseAddr)
    [Anonymous Symbol]                       0x20000b60   Section        0  jlinkmem_process.o(.bss._BaseAddr)
    _Continue                                0x20000b64   Data           4  segger_hardfaulthandler.o(.bss._Continue)
    [Anonymous Symbol]                       0x20000b64   Section        0  segger_hardfaulthandler.o(.bss._Continue)
    _DownBuffer                              0x20000b68   Data           8  segger_sysview.o(.bss._DownBuffer)
    [Anonymous Symbol]                       0x20000b68   Section        0  segger_sysview.o(.bss._DownBuffer)
    _IsInited                                0x20000b70   Data           4  jlinkmem_process.o(.bss._IsInited)
    [Anonymous Symbol]                       0x20000b70   Section        0  jlinkmem_process.o(.bss._IsInited)
    _NumModules                              0x20000b74   Data           1  segger_sysview.o(.bss._NumModules)
    [Anonymous Symbol]                       0x20000b74   Section        0  segger_sysview.o(.bss._NumModules)
    _SYSVIEW_Globals                         0x20000c20   Data          40  segger_sysview.o(.bss._SYSVIEW_Globals)
    [Anonymous Symbol]                       0x20000c20   Section        0  segger_sysview.o(.bss._SYSVIEW_Globals)
    _TxBufLocked                             0x20000c48   Data           4  jlinkmem_process.o(.bss._TxBufLocked)
    [Anonymous Symbol]                       0x20000c48   Section        0  jlinkmem_process.o(.bss._TxBufLocked)
    _TxIsPending                             0x20000c4c   Data           4  jlinkmem_process.o(.bss._TxIsPending)
    [Anonymous Symbol]                       0x20000c4c   Section        0  jlinkmem_process.o(.bss._TxIsPending)
    _TxPendingData                           0x20000c50   Data           1  jlinkmem_process.o(.bss._TxPendingData)
    [Anonymous Symbol]                       0x20000c50   Section        0  jlinkmem_process.o(.bss._TxPendingData)
    _TxTimeout                               0x20000c54   Data           4  jlinkmem_process.o(.bss._TxTimeout)
    [Anonymous Symbol]                       0x20000c54   Section        0  jlinkmem_process.o(.bss._TxTimeout)
    _TxTimeoutTimer                          0x20000c58   Data           4  jlinkmem_process.o(.bss._TxTimeoutTimer)
    [Anonymous Symbol]                       0x20000c58   Section        0  jlinkmem_process.o(.bss._TxTimeoutTimer)
    _UpBuffer                                0x20000c5c   Data        1024  segger_sysview.o(.bss._UpBuffer)
    [Anonymous Symbol]                       0x20000c5c   Section        0  segger_sysview.o(.bss._UpBuffer)
    _aPacket                                 0x2000105c   Data         227  segger_sysview.o(.bss._aPacket)
    [Anonymous Symbol]                       0x2000105c   Section        0  segger_sysview.o(.bss._aPacket)
    _abOutBuffer                             0x20001140   Data         200  OS_Com.o(.bss._abOutBuffer)
    [Anonymous Symbol]                       0x20001140   Section        0  OS_Com.o(.bss._abOutBuffer)
    _acDownBuffer                            0x20001208   Data          16  segger_rtt.o(.bss._acDownBuffer)
    [Anonymous Symbol]                       0x20001208   Section        0  segger_rtt.o(.bss._acDownBuffer)
    _acUpBuffer                              0x20001218   Data        1024  segger_rtt.o(.bss._acUpBuffer)
    [Anonymous Symbol]                       0x20001218   Section        0  segger_rtt.o(.bss._acUpBuffer)
    _pFirstModule                            0x20001618   Data           4  segger_sysview.o(.bss._pFirstModule)
    [Anonymous Symbol]                       0x20001618   Section        0  segger_sysview.o(.bss._pFirstModule)
    _pRxBuf                                  0x2000161c   Data           4  jlinkmem_process.o(.bss._pRxBuf)
    [Anonymous Symbol]                       0x2000161c   Section        0  jlinkmem_process.o(.bss._pRxBuf)
    _pTxBuf                                  0x20001620   Data           4  jlinkmem_process.o(.bss._pTxBuf)
    [Anonymous Symbol]                       0x20001620   Section        0  jlinkmem_process.o(.bss._pTxBuf)
    _pfReadCB                                0x20001630   Data          12  bsp_uart.o(.bss._pfReadCB)
    [Anonymous Symbol]                       0x20001630   Section        0  bsp_uart.o(.bss._pfReadCB)
    _pfWriteCB                               0x2000163c   Data          12  bsp_uart.o(.bss._pfWriteCB)
    [Anonymous Symbol]                       0x2000163c   Section        0  bsp_uart.o(.bss._pfWriteCB)
    Heap_Mem                                 0x20001648   Data        1024  startup_stm32f10x_hd.o(HEAP)
    HEAP                                     0x20001648   Section     1024  startup_stm32f10x_hd.o(HEAP)
    STACK                                    0x20001a48   Section     1024  startup_stm32f10x_hd.o(STACK)
    __initial_sp                             0x20001e48   Data           0  startup_stm32f10x_hd.o(STACK)

    Global Symbols

    Symbol Name                              Value     Ov Type        Size  Object(Section)

    BuildAttributes$$THM_ISAv4$P$D$K$B$S$PE$A:L22UL41UL21$X:L11$S22US41US21$IEEE1$IW$~IW$USESV6$~STKCKD$USESV7$~SHL$OTIME$ROPI$EBA8$UX$STANDARDLIB$REQ8$EABIv2 0x00000000   Number         0  anon$$obj.o ABSOLUTE
    __fp_init_empty                          0x00000000   Number         0  fpinit_empty.o ABSOLUTE
    __ARM_exceptions_init                     - Undefined Weak Reference
    __alloca_initialize                       - Undefined Weak Reference
    __arm_preinit_                            - Undefined Weak Reference
    __arm_relocate_pie_                       - Undefined Weak Reference
    __cpp_initialize__aeabi_                  - Undefined Weak Reference
    __cxa_finalize                            - Undefined Weak Reference
    __rt_locale                               - Undefined Weak Reference
    __sigvec_lookup                           - Undefined Weak Reference
    __user_heap_extent                        - Undefined Weak Reference
    _atexit_init                              - Undefined Weak Reference
    _call_atexit_fns                          - Undefined Weak Reference
    _clock_init                               - Undefined Weak Reference
    _fp_trap_init                             - Undefined Weak Reference
    _fp_trap_shutdown                         - Undefined Weak Reference
    _get_lc_collate                           - Undefined Weak Reference
    _get_lc_ctype                             - Undefined Weak Reference
    _get_lc_monetary                          - Undefined Weak Reference
    _get_lc_numeric                           - Undefined Weak Reference
    _get_lc_time                              - Undefined Weak Reference
    _getenv_init                              - Undefined Weak Reference
    _handle_redirection                       - Undefined Weak Reference
    _rand_init                                - Undefined Weak Reference
    _signal_finish                            - Undefined Weak Reference
    _signal_init                              - Undefined Weak Reference
    __Vectors_Size                           0x00000130   Number         0  startup_stm32f10x_hd.o ABSOLUTE
    Stack_Size                               0x00000400   Number         0  startup_stm32f10x_hd.o ABSOLUTE
    __Vectors                                0x08000000   Data           4  startup_stm32f10x_hd.o(RESET)
    __Vectors_End                            0x08000130   Data           0  startup_stm32f10x_hd.o(RESET)
    __main                                   0x08000131   Thumb Code     8  __main.o(!!!main)
    __scatterload                            0x08000139   Thumb Code     0  __scatter.o(!!!scatter)
    __scatterload_rt2                        0x08000139   Thumb Code    44  __scatter.o(!!!scatter)
    __scatterload_rt2_thumb_only             0x08000139   Thumb Code     0  __scatter.o(!!!scatter)
    __scatterload_null                       0x08000147   Thumb Code     0  __scatter.o(!!!scatter)
    __scatterload_copy                       0x0800016d   Thumb Code    26  __scatter_copy.o(!!handler_copy)
    __scatterload_zeroinit                   0x08000189   Thumb Code    28  __scatter_zi.o(!!handler_zi)
    __rt_lib_init                            0x080001a5   Thumb Code     0  libinit.o(.ARM.Collect$$libinit$$00000000)
    __rt_lib_init_alloca_1                   0x080001a7   Thumb Code     0  libinit2.o(.ARM.Collect$$libinit$$00000030)
    __rt_lib_init_argv_1                     0x080001a7   Thumb Code     0  libinit2.o(.ARM.Collect$$libinit$$0000002E)
    __rt_lib_init_atexit_1                   0x080001a7   Thumb Code     0  libinit2.o(.ARM.Collect$$libinit$$0000001D)
    __rt_lib_init_clock_1                    0x080001a7   Thumb Code     0  libinit2.o(.ARM.Collect$$libinit$$00000023)
    __rt_lib_init_cpp_1                      0x080001a7   Thumb Code     0  libinit2.o(.ARM.Collect$$libinit$$00000034)
    __rt_lib_init_exceptions_1               0x080001a7   Thumb Code     0  libinit2.o(.ARM.Collect$$libinit$$00000032)
    __rt_lib_init_fp_1                       0x080001a7   Thumb Code     0  libinit2.o(.ARM.Collect$$libinit$$00000002)
    __rt_lib_init_fp_trap_1                  0x080001a7   Thumb Code     0  libinit2.o(.ARM.Collect$$libinit$$00000021)
    __rt_lib_init_getenv_1                   0x080001a7   Thumb Code     0  libinit2.o(.ARM.Collect$$libinit$$00000025)
    __rt_lib_init_heap_1                     0x080001a7   Thumb Code     0  libinit2.o(.ARM.Collect$$libinit$$0000000C)
    __rt_lib_init_lc_collate_1               0x080001a7   Thumb Code     0  libinit2.o(.ARM.Collect$$libinit$$00000013)
    __rt_lib_init_lc_ctype_1                 0x080001a7   Thumb Code     0  libinit2.o(.ARM.Collect$$libinit$$00000015)
    __rt_lib_init_lc_monetary_1              0x080001a7   Thumb Code     0  libinit2.o(.ARM.Collect$$libinit$$00000017)
    __rt_lib_init_lc_numeric_1               0x080001a7   Thumb Code     0  libinit2.o(.ARM.Collect$$libinit$$00000019)
    __rt_lib_init_lc_time_1                  0x080001a7   Thumb Code     0  libinit2.o(.ARM.Collect$$libinit$$0000001B)
    __rt_lib_init_preinit_1                  0x080001a7   Thumb Code     0  libinit2.o(.ARM.Collect$$libinit$$00000006)
    __rt_lib_init_rand_1                     0x080001a7   Thumb Code     0  libinit2.o(.ARM.Collect$$libinit$$00000010)
    __rt_lib_init_relocate_pie_1             0x080001a7   Thumb Code     0  libinit2.o(.ARM.Collect$$libinit$$00000004)
    __rt_lib_init_return                     0x080001a7   Thumb Code     0  libinit2.o(.ARM.Collect$$libinit$$00000035)
    __rt_lib_init_signal_1                   0x080001a7   Thumb Code     0  libinit2.o(.ARM.Collect$$libinit$$0000001F)
    __rt_lib_init_stdio_1                    0x080001a7   Thumb Code     0  libinit2.o(.ARM.Collect$$libinit$$00000027)
    __rt_lib_init_user_alloc_1               0x080001a7   Thumb Code     0  libinit2.o(.ARM.Collect$$libinit$$0000000E)
    __rt_lib_shutdown                        0x080001a9   Thumb Code     0  libshutdown.o(.ARM.Collect$$libshutdown$$00000000)
    __rt_lib_shutdown_cpp_1                  0x080001ab   Thumb Code     0  libshutdown2.o(.ARM.Collect$$libshutdown$$00000002)
    __rt_lib_shutdown_fp_trap_1              0x080001ab   Thumb Code     0  libshutdown2.o(.ARM.Collect$$libshutdown$$00000007)
    __rt_lib_shutdown_heap_1                 0x080001ab   Thumb Code     0  libshutdown2.o(.ARM.Collect$$libshutdown$$0000000F)
    __rt_lib_shutdown_return                 0x080001ab   Thumb Code     0  libshutdown2.o(.ARM.Collect$$libshutdown$$00000010)
    __rt_lib_shutdown_signal_1               0x080001ab   Thumb Code     0  libshutdown2.o(.ARM.Collect$$libshutdown$$0000000A)
    __rt_lib_shutdown_stdio_1                0x080001ab   Thumb Code     0  libshutdown2.o(.ARM.Collect$$libshutdown$$00000004)
    __rt_lib_shutdown_user_alloc_1           0x080001ab   Thumb Code     0  libshutdown2.o(.ARM.Collect$$libshutdown$$0000000C)
    __rt_entry                               0x080001ad   Thumb Code     0  __rtentry.o(.ARM.Collect$$rtentry$$00000000)
    __rt_entry_presh_1                       0x080001ad   Thumb Code     0  __rtentry2.o(.ARM.Collect$$rtentry$$00000002)
    __rt_entry_sh                            0x080001ad   Thumb Code     0  __rtentry4.o(.ARM.Collect$$rtentry$$00000004)
    __rt_entry_li                            0x080001b3   Thumb Code     0  __rtentry2.o(.ARM.Collect$$rtentry$$0000000A)
    __rt_entry_postsh_1                      0x080001b3   Thumb Code     0  __rtentry2.o(.ARM.Collect$$rtentry$$00000009)
    __rt_entry_main                          0x080001b7   Thumb Code     0  __rtentry2.o(.ARM.Collect$$rtentry$$0000000D)
    __rt_entry_postli_1                      0x080001b7   Thumb Code     0  __rtentry2.o(.ARM.Collect$$rtentry$$0000000C)
    __rt_exit                                0x080001bf   Thumb Code     0  rtexit.o(.ARM.Collect$$rtexit$$00000000)
    __rt_exit_ls                             0x080001c1   Thumb Code     0  rtexit2.o(.ARM.Collect$$rtexit$$00000003)
    __rt_exit_prels_1                        0x080001c1   Thumb Code     0  rtexit2.o(.ARM.Collect$$rtexit$$00000002)
    __rt_exit_exit                           0x080001c5   Thumb Code     0  rtexit2.o(.ARM.Collect$$rtexit$$00000004)
    HardFault_Handler                        0x080001cd   Thumb Code     0  hardfaulthandler.o(.text)
    Reset_Handler                            0x080001e5   Thumb Code     8  startup_stm32f10x_hd.o(.text)
    NMI_Handler                              0x080001ed   Thumb Code     2  startup_stm32f10x_hd.o(.text)
    MemManage_Handler                        0x080001f1   Thumb Code     2  startup_stm32f10x_hd.o(.text)
    BusFault_Handler                         0x080001f3   Thumb Code     2  startup_stm32f10x_hd.o(.text)
    UsageFault_Handler                       0x080001f5   Thumb Code     2  startup_stm32f10x_hd.o(.text)
    SVC_Handler                              0x080001f7   Thumb Code     2  startup_stm32f10x_hd.o(.text)
    DebugMon_Handler                         0x080001f9   Thumb Code     2  startup_stm32f10x_hd.o(.text)
    ADC1_2_IRQHandler                        0x080001ff   Thumb Code     0  startup_stm32f10x_hd.o(.text)
    ADC3_IRQHandler                          0x080001ff   Thumb Code     0  startup_stm32f10x_hd.o(.text)
    CAN1_RX1_IRQHandler                      0x080001ff   Thumb Code     0  startup_stm32f10x_hd.o(.text)
    CAN1_SCE_IRQHandler                      0x080001ff   Thumb Code     0  startup_stm32f10x_hd.o(.text)
    DMA1_Channel1_IRQHandler                 0x080001ff   Thumb Code     0  startup_stm32f10x_hd.o(.text)
    DMA1_Channel2_IRQHandler                 0x080001ff   Thumb Code     0  startup_stm32f10x_hd.o(.text)
    DMA1_Channel3_IRQHandler                 0x080001ff   Thumb Code     0  startup_stm32f10x_hd.o(.text)
    DMA1_Channel4_IRQHandler                 0x080001ff   Thumb Code     0  startup_stm32f10x_hd.o(.text)
    DMA1_Channel5_IRQHandler                 0x080001ff   Thumb Code     0  startup_stm32f10x_hd.o(.text)
    DMA1_Channel6_IRQHandler                 0x080001ff   Thumb Code     0  startup_stm32f10x_hd.o(.text)
    DMA1_Channel7_IRQHandler                 0x080001ff   Thumb Code     0  startup_stm32f10x_hd.o(.text)
    DMA2_Channel1_IRQHandler                 0x080001ff   Thumb Code     0  startup_stm32f10x_hd.o(.text)
    DMA2_Channel2_IRQHandler                 0x080001ff   Thumb Code     0  startup_stm32f10x_hd.o(.text)
    DMA2_Channel3_IRQHandler                 0x080001ff   Thumb Code     0  startup_stm32f10x_hd.o(.text)
    DMA2_Channel4_5_IRQHandler               0x080001ff   Thumb Code     0  startup_stm32f10x_hd.o(.text)
    EXTI0_IRQHandler                         0x080001ff   Thumb Code     0  startup_stm32f10x_hd.o(.text)
    EXTI15_10_IRQHandler                     0x080001ff   Thumb Code     0  startup_stm32f10x_hd.o(.text)
    EXTI1_IRQHandler                         0x080001ff   Thumb Code     0  startup_stm32f10x_hd.o(.text)
    EXTI2_IRQHandler                         0x080001ff   Thumb Code     0  startup_stm32f10x_hd.o(.text)
    EXTI3_IRQHandler                         0x080001ff   Thumb Code     0  startup_stm32f10x_hd.o(.text)
    EXTI4_IRQHandler                         0x080001ff   Thumb Code     0  startup_stm32f10x_hd.o(.text)
    EXTI9_5_IRQHandler                       0x080001ff   Thumb Code     0  startup_stm32f10x_hd.o(.text)
    FLASH_IRQHandler                         0x080001ff   Thumb Code     0  startup_stm32f10x_hd.o(.text)
    FSMC_IRQHandler                          0x080001ff   Thumb Code     0  startup_stm32f10x_hd.o(.text)
    I2C1_ER_IRQHandler                       0x080001ff   Thumb Code     0  startup_stm32f10x_hd.o(.text)
    I2C1_EV_IRQHandler                       0x080001ff   Thumb Code     0  startup_stm32f10x_hd.o(.text)
    I2C2_ER_IRQHandler                       0x080001ff   Thumb Code     0  startup_stm32f10x_hd.o(.text)
    I2C2_EV_IRQHandler                       0x080001ff   Thumb Code     0  startup_stm32f10x_hd.o(.text)
    PVD_IRQHandler                           0x080001ff   Thumb Code     0  startup_stm32f10x_hd.o(.text)
    RCC_IRQHandler                           0x080001ff   Thumb Code     0  startup_stm32f10x_hd.o(.text)
    RTCAlarm_IRQHandler                      0x080001ff   Thumb Code     0  startup_stm32f10x_hd.o(.text)
    RTC_IRQHandler                           0x080001ff   Thumb Code     0  startup_stm32f10x_hd.o(.text)
    SDIO_IRQHandler                          0x080001ff   Thumb Code     0  startup_stm32f10x_hd.o(.text)
    SPI1_IRQHandler                          0x080001ff   Thumb Code     0  startup_stm32f10x_hd.o(.text)
    SPI2_IRQHandler                          0x080001ff   Thumb Code     0  startup_stm32f10x_hd.o(.text)
    SPI3_IRQHandler                          0x080001ff   Thumb Code     0  startup_stm32f10x_hd.o(.text)
    TAMPER_IRQHandler                        0x080001ff   Thumb Code     0  startup_stm32f10x_hd.o(.text)
    TIM1_BRK_IRQHandler                      0x080001ff   Thumb Code     0  startup_stm32f10x_hd.o(.text)
    TIM1_CC_IRQHandler                       0x080001ff   Thumb Code     0  startup_stm32f10x_hd.o(.text)
    TIM1_TRG_COM_IRQHandler                  0x080001ff   Thumb Code     0  startup_stm32f10x_hd.o(.text)
    TIM1_UP_IRQHandler                       0x080001ff   Thumb Code     0  startup_stm32f10x_hd.o(.text)
    TIM2_IRQHandler                          0x080001ff   Thumb Code     0  startup_stm32f10x_hd.o(.text)
    TIM3_IRQHandler                          0x080001ff   Thumb Code     0  startup_stm32f10x_hd.o(.text)
    TIM4_IRQHandler                          0x080001ff   Thumb Code     0  startup_stm32f10x_hd.o(.text)
    TIM5_IRQHandler                          0x080001ff   Thumb Code     0  startup_stm32f10x_hd.o(.text)
    TIM6_IRQHandler                          0x080001ff   Thumb Code     0  startup_stm32f10x_hd.o(.text)
    TIM7_IRQHandler                          0x080001ff   Thumb Code     0  startup_stm32f10x_hd.o(.text)
    TIM8_BRK_IRQHandler                      0x080001ff   Thumb Code     0  startup_stm32f10x_hd.o(.text)
    TIM8_CC_IRQHandler                       0x080001ff   Thumb Code     0  startup_stm32f10x_hd.o(.text)
    TIM8_TRG_COM_IRQHandler                  0x080001ff   Thumb Code     0  startup_stm32f10x_hd.o(.text)
    TIM8_UP_IRQHandler                       0x080001ff   Thumb Code     0  startup_stm32f10x_hd.o(.text)
    UART4_IRQHandler                         0x080001ff   Thumb Code     0  startup_stm32f10x_hd.o(.text)
    UART5_IRQHandler                         0x080001ff   Thumb Code     0  startup_stm32f10x_hd.o(.text)
    USBWakeUp_IRQHandler                     0x080001ff   Thumb Code     0  startup_stm32f10x_hd.o(.text)
    USB_HP_CAN1_TX_IRQHandler                0x080001ff   Thumb Code     0  startup_stm32f10x_hd.o(.text)
    USB_LP_CAN1_RX0_IRQHandler               0x080001ff   Thumb Code     0  startup_stm32f10x_hd.o(.text)
    WWDG_IRQHandler                          0x080001ff   Thumb Code     0  startup_stm32f10x_hd.o(.text)
    __user_initial_stackheap                 0x08000201   Thumb Code     0  startup_stm32f10x_hd.o(.text)
    SEGGER_RTT_ASM_WriteSkipNoLock           0x08000225   Thumb Code     0  segger_rtt_asm_armv7m.o(.text)
    PendSV_Handler                           0x080002b1   Thumb Code     0  RTOS.o(.text)
    OS_StartTask                             0x0800031d   Thumb Code     0  RTOS.o(.text)
    OS_StartASM                              0x08000331   Thumb Code     0  RTOS.o(.text)
    OS_StopASM                               0x0800037b   Thumb Code     0  RTOS.o(.text)
    OS_Switch                                0x08000391   Thumb Code     0  RTOS.o(.text)
    OS_SwitchAfterISR_CortexM                0x080003af   Thumb Code     0  RTOS.o(.text)
    OS_Switch_End                            0x080003b2   Number         0  RTOS.o(.text)
    OS_SwitchFromInt                         0x080003b5   Thumb Code     0  RTOS.o(.text)
    __aeabi_uldivmod                         0x08000409   Thumb Code     0  lludivv7m.o(.text)
    _ll_udiv                                 0x08000409   Thumb Code   240  lludivv7m.o(.text)
    __aeabi_memcpy                           0x080004f9   Thumb Code     0  rt_memcpy_v6.o(.text)
    __rt_memcpy                              0x080004f9   Thumb Code   138  rt_memcpy_v6.o(.text)
    _memcpy_lastbytes                        0x0800055f   Thumb Code     0  rt_memcpy_v6.o(.text)
    __aeabi_memset                           0x08000583   Thumb Code    16  aeabi_memset.o(.text)
    __aeabi_memclr4                          0x08000593   Thumb Code     0  rt_memclr_w.o(.text)
    __aeabi_memclr8                          0x08000593   Thumb Code     0  rt_memclr_w.o(.text)
    __rt_memclr_w                            0x08000593   Thumb Code     0  rt_memclr_w.o(.text)
    _memset_w                                0x08000597   Thumb Code    74  rt_memclr_w.o(.text)
    __use_two_region_memory                  0x080005e1   Thumb Code     2  heapauxi.o(.text)
    __rt_heap_escrow                         0x080005e3   Thumb Code     2  heapauxi.o(.text)
    __rt_heap_expand                         0x080005e5   Thumb Code     2  heapauxi.o(.text)
    __aeabi_memcpy4                          0x080005e7   Thumb Code     0  rt_memcpy_w.o(.text)
    __aeabi_memcpy8                          0x080005e7   Thumb Code     0  rt_memcpy_w.o(.text)
    __rt_memcpy_w                            0x080005e7   Thumb Code   100  rt_memcpy_w.o(.text)
    _memcpy_lastbytes_aligned                0x0800062f   Thumb Code     0  rt_memcpy_w.o(.text)
    __aeabi_memclr                           0x0800064b   Thumb Code     0  rt_memclr.o(.text)
    __rt_memclr                              0x0800064b   Thumb Code     0  rt_memclr.o(.text)
    _memset                                  0x0800064f   Thumb Code    64  rt_memclr.o(.text)
    __user_libspace                          0x08000691   Thumb Code     8  libspace.o(.text)
    __user_perproc_libspace                  0x08000691   Thumb Code     0  libspace.o(.text)
    __user_perthread_libspace                0x08000691   Thumb Code     0  libspace.o(.text)
    __user_setup_stackheap                   0x08000699   Thumb Code    74  sys_stackheap_outer.o(.text)
    exit                                     0x080006e3   Thumb Code    18  exit.o(.text)
    BSP_ClrLED                               0x080006f5   Thumb Code    32  bsp.o(.text.BSP_ClrLED)
    BSP_Init                                 0x08000715   Thumb Code    50  bsp.o(.text.BSP_Init)
    BSP_SetLED                               0x08000749   Thumb Code    32  bsp.o(.text.BSP_SetLED)
    BSP_ToggleLED                            0x08000769   Thumb Code    48  bsp.o(.text.BSP_ToggleLED)
    GPIO_Init                                0x08000799   Thumb Code   390  stm32f10x_gpio.o(.text.GPIO_Init)
    GPIO_SetBits                             0x08000921   Thumb Code    20  stm32f10x_gpio.o(.text.GPIO_SetBits)
    HardFaultHandler                         0x08000949   Thumb Code   278  segger_hardfaulthandler.o(.text.HardFaultHandler)
    JLINKMEM_Process                         0x08000a61   Thumb Code   204  jlinkmem_process.o(.text.JLINKMEM_Process)
    JLINKMEM_SendChar                        0x08000b2d   Thumb Code   222  jlinkmem_process.o(.text.JLINKMEM_SendChar)
    JLINKMEM_SetpfGetNextChar                0x08000c0d   Thumb Code    20  jlinkmem_process.o(.text.JLINKMEM_SetpfGetNextChar)
    JLINKMEM_SetpfOnRx                       0x08000c21   Thumb Code    20  jlinkmem_process.o(.text.JLINKMEM_SetpfOnRx)
    JLINKMEM_SetpfOnTx                       0x08000c35   Thumb Code    20  jlinkmem_process.o(.text.JLINKMEM_SetpfOnTx)
    LED_Init                                 0x08000c49   Thumb Code    96  led.o(.text.LED_Init)
    OS_ARMv7M_Init                           0x08000cd9   Thumb Code    84  OS_ARMv7M_Init.o(.text.OS_ARMv7M_Init)
    OS_AssertCPUInISRMode                    0x08000d31   Thumb Code    44  OS_Kern.o(.text.OS_AssertCPUInISRMode)
    OS_COM_ClearTxActive                     0x08000d5d   Thumb Code    16  OS_Com.o(.text.OS_COM_ClearTxActive)
    OS_COM_GetInU16                          0x08000d6d   Thumb Code    28  OS_Com.o(.text.OS_COM_GetInU16)
    OS_COM_GetInU32                          0x08000d89   Thumb Code    18  OS_Com.o(.text.OS_COM_GetInU32)
    OS_COM_GetNextChar                       0x08000d9b   Thumb Code     4  OS_Com.o(.text.OS_COM_GetNextChar)
    OS_COM_OnRx                              0x08000da1   Thumb Code   148  OS_Com.o(.text.OS_COM_OnRx)
    OS_COM_OnTx                              0x08000e35   Thumb Code    24  OS_Com.o(.text.OS_COM_OnTx)
    OS_COM_Send1                             0x08000e4d   Thumb Code    20  rtosinit_stm32f1xx.o(.text.OS_COM_Send1)
    OS_COM_StoreOutU16                       0x08000e61   Thumb Code    20  OS_Com.o(.text.OS_COM_StoreOutU16)
    OS_COM_StoreOutU32                       0x08000e75   Thumb Code    20  OS_Com.o(.text.OS_COM_StoreOutU32)
    OS_COM_StoreOutU8                        0x08000e89   Thumb Code    20  OS_Com.o(.text.OS_COM_StoreOutU8)
    OS_ChangeTask_STD                        0x08000ea5   Thumb Code   684  OS_Kern.o(.text.OS_ChangeTask_STD)
    OS_Deactivated                           0x08001151   Thumb Code    52  OS_Kern.o(.text.OS_Deactivated)
    OS_EnableProfiling                       0x08001185   Thumb Code    88  OS_Kern.o(.text.OS_EnableProfiling)
    OS_Error                                 0x080011e1   Thumb Code    60  os_error.o(.text.OS_Error)
    OS_GetCPUState                           0x0800121d   Thumb Code    44  OS_ARMv7M_GetCPUState.o(.text.OS_GetCPUState)
    OS_INFO_GetCPU                           0x0800124d   Thumb Code    52  OS_Info.o(.text.OS_INFO_GetCPU)
    OS_INFO_GetLibName                       0x08001289   Thumb Code    52  OS_Info.o(.text.OS_INFO_GetLibName)
    OS_INFO_GetVersion                       0x080012c1   Thumb Code    56  OS_Info.o(.text.OS_INFO_GetVersion)
    OS_Idle                                  0x080012f9   Thumb Code     4  rtosinit_stm32f1xx.o(.text.OS_Idle)
    OS_InitHW                                0x080012fd   Thumb Code   228  rtosinit_stm32f1xx.o(.text.OS_InitHW)
    OS_InitSysStackInfo                      0x080013e1   Thumb Code    50  os_initsysstackinfo.o(.text.OS_InitSysStackInfo)
    OS_Init_STD                              0x08001415   Thumb Code   160  OS_Kern.o(.text.OS_Init_STD)
    OS_InsertTask                            0x080014c9   Thumb Code   124  OS_Kern.o(.text.OS_InsertTask)
    OS_InterruptSafetyLock                   0x08001549   Thumb Code    28  OS_ThreadSafeInt.o(.text.OS_InterruptSafetyLock)
    OS_InterruptSafetyUnlock                 0x08001565   Thumb Code    20  OS_ThreadSafeInt.o(.text.OS_InterruptSafetyUnlock)
    OS_IsRunning                             0x0800157d   Thumb Code    56  OS_Kern.o(.text.OS_IsRunning)
    OS_MakeTaskReady                         0x080015b9   Thumb Code   140  OS_Kern.o(.text.OS_MakeTaskReady)
    OS_RemoveTaskFromWaitList                0x08001649   Thumb Code    18  OS_Kern.o(.text.OS_RemoveTaskFromWaitList)
    OS_STACK_GetSP                           0x0800165b   Thumb Code     4  OS_StackInfo.o(.text.OS_STACK_GetSP)
    OS_STACK_GetSysStackBase                 0x08001661   Thumb Code     8  OS_StackInfo.o(.text.OS_STACK_GetSysStackBase)
    OS_STACK_GetSysStackSize                 0x0800166d   Thumb Code     8  OS_StackInfo.o(.text.OS_STACK_GetSysStackSize)
    OS_STACK_GetTaskStackBase                0x08001679   Thumb Code   124  OS_Info.o(.text.OS_STACK_GetTaskStackBase)
    OS_STACK_GetTaskStackSize                0x080016f5   Thumb Code   124  OS_Info.o(.text.OS_STACK_GetTaskStackSize)
    OS_STAT_GetExecTime                      0x08001771   Thumb Code   180  OS_Kern.o(.text.OS_STAT_GetExecTime)
    OS_SaveMainStack                         0x08001829   Thumb Code    52  OS_Kern.o(.text.OS_SaveMainStack)
    OS_TASK_Create_DP                        0x08001861   Thumb Code   348  OS_Task.o(.text.OS_TASK_Create_DP)
    OS_TASK_Delay                            0x080019c5   Thumb Code    76  OS_Task.o(.text.OS_TASK_Delay)
    OS_TASK_GetName                          0x08001a11   Thumb Code    88  OS_Task.o(.text.OS_TASK_GetName)
    OS_TASK_GetTimeSliceRem                  0x08001a71   Thumb Code   124  OS_Task.o(.text.OS_TASK_GetTimeSliceRem)
    OS_TASK_LeaveRegion                      0x08001aed   Thumb Code    96  OS_Task.o(.text.OS_TASK_LeaveRegion)
    OS_TICK_Handle                           0x08001b51   Thumb Code   140  OS_SysTick.o(.text.OS_TICK_Handle)
    OS_TIME_ConfigSysTimer                   0x08001be5   Thumb Code   152  OS_Timing.o(.text.OS_TIME_ConfigSysTimer)
    OS_TIME_GetTicks                         0x08001c85   Thumb Code    28  OS_Timing.o(.text.OS_TIME_GetTicks)
    OS_TIME_GetTicks32                       0x08001ca1   Thumb Code    28  OS_Timing.o(.text.OS_TIME_GetTicks32)
    OS_TIME_Get_us64                         0x08001cbd   Thumb Code    60  OS_Timing.o(.text.OS_TIME_Get_us64)
    OS_TRACE_SetAPI                          0x08001cf9   Thumb Code    40  OS_Trace.o(.text.OS_TRACE_SetAPI)
    OS_TaskInit                              0x08001d21   Thumb Code    24  OS_Kern.o(.text.OS_TaskInit)
    OS_TerminateError                        0x08001d39   Thumb Code     6  OS_Kern.o(.text.OS_TerminateError)
    OS__Start                                0x08001d41   Thumb Code    48  OS_Kern.o(.text.OS__Start)
    OS__TIME_ConvertCycles2us                0x08001d75   Thumb Code    44  OS_Timing.o(.text.OS__TIME_ConvertCycles2us)
    OS__TIME_GetCycles                       0x08001da1   Thumb Code   124  OS_Timing.o(.text.OS__TIME_GetCycles)
    RCC_APB2PeriphClockCmd                   0x08001f99   Thumb Code    56  stm32f10x_rcc.o(.text.RCC_APB2PeriphClockCmd)
    SEGGER_RTT_AllocUpBuffer                 0x08001fd1   Thumb Code   238  segger_rtt.o(.text.SEGGER_RTT_AllocUpBuffer)
    SEGGER_RTT_ConfigDownBuffer              0x080020c1   Thumb Code   160  segger_rtt.o(.text.SEGGER_RTT_ConfigDownBuffer)
    SEGGER_RTT_ReadNoLock                    0x08002161   Thumb Code   312  segger_rtt.o(.text.SEGGER_RTT_ReadNoLock)
    SEGGER_SYSVIEW_Conf                      0x08002299   Thumb Code   102  segger_sysview_config_embos.o(.text.SEGGER_SYSVIEW_Conf)
    SEGGER_SYSVIEW_GetSysDesc                0x08002301   Thumb Code   324  segger_sysview.o(.text.SEGGER_SYSVIEW_GetSysDesc)
    SEGGER_SYSVIEW_Init                      0x08002445   Thumb Code   128  segger_sysview.o(.text.SEGGER_SYSVIEW_Init)
    SEGGER_SYSVIEW_NameResource              0x080024c5   Thumb Code   138  segger_sysview.o(.text.SEGGER_SYSVIEW_NameResource)
    SEGGER_SYSVIEW_OnIdle                    0x08002551   Thumb Code    52  segger_sysview.o(.text.SEGGER_SYSVIEW_OnIdle)
    SEGGER_SYSVIEW_OnTaskCreate              0x08002585   Thumb Code   128  segger_sysview.o(.text.SEGGER_SYSVIEW_OnTaskCreate)
    SEGGER_SYSVIEW_OnTaskStartExec           0x08002605   Thumb Code   128  segger_sysview.o(.text.SEGGER_SYSVIEW_OnTaskStartExec)
    SEGGER_SYSVIEW_OnTaskStartReady          0x08002685   Thumb Code   128  segger_sysview.o(.text.SEGGER_SYSVIEW_OnTaskStartReady)
    SEGGER_SYSVIEW_OnTaskStopExec            0x08002705   Thumb Code    52  segger_sysview.o(.text.SEGGER_SYSVIEW_OnTaskStopExec)
    SEGGER_SYSVIEW_OnTaskStopReady           0x08002739   Thumb Code   184  segger_sysview.o(.text.SEGGER_SYSVIEW_OnTaskStopReady)
    SEGGER_SYSVIEW_OnTaskTerminate           0x080027f1   Thumb Code   128  segger_sysview.o(.text.SEGGER_SYSVIEW_OnTaskTerminate)
    SEGGER_SYSVIEW_RecordEndCall             0x08002871   Thumb Code   112  segger_sysview.o(.text.SEGGER_SYSVIEW_RecordEndCall)
    SEGGER_SYSVIEW_RecordEndCallU32          0x080028e1   Thumb Code   168  segger_sysview.o(.text.SEGGER_SYSVIEW_RecordEndCallU32)
    SEGGER_SYSVIEW_RecordEnterISR            0x08002989   Thumb Code   126  segger_sysview.o(.text.SEGGER_SYSVIEW_RecordEnterISR)
    SEGGER_SYSVIEW_RecordEnterTimer          0x08002a09   Thumb Code   124  segger_sysview.o(.text.SEGGER_SYSVIEW_RecordEnterTimer)
    SEGGER_SYSVIEW_RecordExitISR             0x08002a85   Thumb Code    52  segger_sysview.o(.text.SEGGER_SYSVIEW_RecordExitISR)
    SEGGER_SYSVIEW_RecordExitISRToScheduler  0x08002ab9   Thumb Code    52  segger_sysview.o(.text.SEGGER_SYSVIEW_RecordExitISRToScheduler)
    SEGGER_SYSVIEW_RecordExitTimer           0x08002aed   Thumb Code    52  segger_sysview.o(.text.SEGGER_SYSVIEW_RecordExitTimer)
    SEGGER_SYSVIEW_RecordSystime             0x08002b21   Thumb Code    86  segger_sysview.o(.text.SEGGER_SYSVIEW_RecordSystime)
    SEGGER_SYSVIEW_RecordU32                 0x08002b79   Thumb Code   114  segger_sysview.o(.text.SEGGER_SYSVIEW_RecordU32)
    SEGGER_SYSVIEW_RecordU32x2               0x08002bed   Thumb Code   170  segger_sysview.o(.text.SEGGER_SYSVIEW_RecordU32x2)
    SEGGER_SYSVIEW_RecordU32x3               0x08002c99   Thumb Code   226  segger_sysview.o(.text.SEGGER_SYSVIEW_RecordU32x3)
    SEGGER_SYSVIEW_RecordU32x4               0x08002d7d   Thumb Code   284  segger_sysview.o(.text.SEGGER_SYSVIEW_RecordU32x4)
    SEGGER_SYSVIEW_RecordU32x5               0x08002e99   Thumb Code   342  segger_sysview.o(.text.SEGGER_SYSVIEW_RecordU32x5)
    SEGGER_SYSVIEW_RecordVoid                0x08002ff1   Thumb Code    54  segger_sysview.o(.text.SEGGER_SYSVIEW_RecordVoid)
    SEGGER_SYSVIEW_SendModule                0x08003029   Thumb Code   268  segger_sysview.o(.text.SEGGER_SYSVIEW_SendModule)
    SEGGER_SYSVIEW_SendModuleDescription     0x08003135   Thumb Code    70  segger_sysview.o(.text.SEGGER_SYSVIEW_SendModuleDescription)
    SEGGER_SYSVIEW_SendNumModules            0x0800317d   Thumb Code   118  segger_sysview.o(.text.SEGGER_SYSVIEW_SendNumModules)
    SEGGER_SYSVIEW_SendSysDesc               0x080031f5   Thumb Code    66  segger_sysview.o(.text.SEGGER_SYSVIEW_SendSysDesc)
    SEGGER_SYSVIEW_SendTaskInfo              0x08003239   Thumb Code   444  segger_sysview.o(.text.SEGGER_SYSVIEW_SendTaskInfo)
    SEGGER_SYSVIEW_SendTaskList              0x080033f5   Thumb Code    50  segger_sysview.o(.text.SEGGER_SYSVIEW_SendTaskList)
    SEGGER_SYSVIEW_ShrinkId                  0x08003429   Thumb Code    22  segger_sysview.o(.text.SEGGER_SYSVIEW_ShrinkId)
    SEGGER_SYSVIEW_Start                     0x08003441   Thumb Code   394  segger_sysview.o(.text.SEGGER_SYSVIEW_Start)
    SEGGER_SYSVIEW_Stop                      0x080035cd   Thumb Code    80  segger_sysview.o(.text.SEGGER_SYSVIEW_Stop)
    SysTick_Handler                          0x0800379d   Thumb Code   368  rtosinit_stm32f1xx.o(.text.SysTick_Handler)
    SystemCoreClockUpdate                    0x0800390d   Thumb Code   290  system_stm32f10x.o(.text.SystemCoreClockUpdate)
    SystemInit                               0x08003a31   Thumb Code   102  system_stm32f10x.o(.text.SystemInit)
    USART1_IRQHandler                        0x08003a99   Thumb Code    18  bsp_uart.o(.text.USART1_IRQHandler)
    USART2_IRQHandler                        0x08003aad   Thumb Code    18  bsp_uart.o(.text.USART2_IRQHandler)
    USART3_IRQHandler                        0x08003ac1   Thumb Code    18  bsp_uart.o(.text.USART3_IRQHandler)
    _mutex_acquire                           0x080049d9   Thumb Code    14  os_threadsafe.o(.text._mutex_acquire)
    _mutex_free                              0x080049e9   Thumb Code     8  os_threadsafe.o(.text._mutex_free)
    _mutex_initialize                        0x080049f1   Thumb Code    10  os_threadsafe.o(.text._mutex_initialize)
    _mutex_release                           0x080049fd   Thumb Code    14  os_threadsafe.o(.text._mutex_release)
    _sys_exit                                0x08004a0d   Thumb Code     8  retarget.o(.text._sys_exit)
    main                                     0x08004a15   Thumb Code   264  os_startledblink.o(.text.main)
    AHBPrescTable                            0x08004b1c   Data          16  system_stm32f10x.o(.rodata.AHBPrescTable)
    OS_DebugInfo                             0x08004b2c   Data          24  OS_Info.o(.rodata.OS_DebugInfo)
    OS_JLINKMEM_BufferSize                   0x08004b5c   Data           4  rtosinit_stm32f1xx.o(.rodata.OS_JLINKMEM_BufferSize)
    OS_Version                               0x08004b6c   Data           4  OS_Global.o(.rodata.OS_Version)
    OS_sCopyright                            0x08004b70   Data           4  OS_Global.o(.rodata.OS_sCopyright)
    SYSVIEW_X_OS_TraceAPI                    0x08004b74   Data           8  segger_sysview_embos.o(.rodata.SYSVIEW_X_OS_TraceAPI)
    embOS_TraceAPI_SYSVIEW                   0x08004b98   Data          92  segger_sysview_embos.o(.rodata.embOS_TraceAPI_SYSVIEW)
    Region$$Table$$Base                      0x08004c78   Number         0  anon$$obj.o(Region$$Table)
    Region$$Table$$Limit                     0x08004c98   Number         0  anon$$obj.o(Region$$Table)
    TicksPerTimeUnit                         0x20000000   Data           4  OS_SysTick.o(.data..L_MergedGlobals)
    IntsPerTimeUnit                          0x20000004   Data           4  OS_SysTick.o(.data..L_MergedGlobals)
    SystemCoreClock                          0x20000008   Data           4  system_stm32f10x.o(.data.SystemCoreClock)
    __libspace_start                         0x20000010   Data          96  libspace.o(.bss)
    __temporary_stack_top$libspace           0x20000070   Data           0  libspace.o(.bss)
    OS_COM_pTask                             0x20000080   Data           4  OS_Com.o(.bss..L_MergedGlobals)
    OS_Global                                0x20000160   Data         128  OS_Global.o(.bss.OS_Global)
    OS_SysStackBaseAddr                      0x200001e0   Data           4  OS_StackInfo.o(.bss.OS_SysStackBaseAddr)
    OS_SysStackLimit                         0x200001e4   Data           4  OS_StackInfo.o(.bss.OS_SysStackLimit)
    OS_SysStackSize                          0x200001e8   Data           4  OS_StackInfo.o(.bss.OS_SysStackSize)
    OS_SysTimer_Settings                     0x200001ec   Data          48  OS_Global.o(.bss.OS_SysTimer_Settings)
    SEGGER_SYSVIEW_TickCnt                   0x2000021c   Data           4  segger_sysview.o(.bss.SEGGER_SYSVIEW_TickCnt)
    _SEGGER_RTT                              0x20000b78   Data         168  segger_rtt.o(.bss._SEGGER_RTT)
    _pfGetNextChar                           0x20001624   Data           4  jlinkmem_process.o(.bss._pfGetNextChar)
    _pfOnRx                                  0x20001628   Data           4  jlinkmem_process.o(.bss._pfOnRx)
    _pfOnTx                                  0x2000162c   Data           4  jlinkmem_process.o(.bss._pfOnTx)
    Stack_Mem                                0x20001a48   Data        1024  startup_stm32f10x_hd.o(STACK)
    Stack_Limit                              0x20001e48   Data           0  startup_stm32f10x_hd.o(STACK)



==============================================================================

Memory Map of the image

  Image Entry point : 0x08000131

  Load Region LR_IROM1 (Base: 0x08000000, Size: 0x00004ca8, Max: 0x00010000, ABSOLUTE)

    Execution Region ER_IROM1 (Exec base: 0x08000000, Load base: 0x08000000, Size: 0x00004c98, Max: 0x00010000, ABSOLUTE)

    Exec Addr    Load Addr    Size         Type   Attr      Idx    E Section Name        Object

    0x08000000   0x08000000   0x00000130   Data   RO          252    RESET               startup_stm32f10x_hd.o
    0x08000130   0x08000130   0x00000008   Code   RO         1508  * !!!main             c_w.l(__main.o)
    0x08000138   0x08000138   0x00000034   Code   RO         1756    !!!scatter          c_w.l(__scatter.o)
    0x0800016c   0x0800016c   0x0000001a   Code   RO         1758    !!handler_copy      c_w.l(__scatter_copy.o)
    0x08000186   0x08000186   0x00000002   PAD
    0x08000188   0x08000188   0x0000001c   Code   RO         1760    !!handler_zi        c_w.l(__scatter_zi.o)
    0x080001a4   0x080001a4   0x00000002   Code   RO         1717    .ARM.Collect$$libinit$$00000000  c_w.l(libinit.o)
    0x080001a6   0x080001a6   0x00000000   Code   RO         1556    .ARM.Collect$$libinit$$00000002  c_w.l(libinit2.o)
    0x080001a6   0x080001a6   0x00000000   Code   RO         1558    .ARM.Collect$$libinit$$00000004  c_w.l(libinit2.o)
    0x080001a6   0x080001a6   0x00000000   Code   RO         1560    .ARM.Collect$$libinit$$00000006  c_w.l(libinit2.o)
    0x080001a6   0x080001a6   0x00000000   Code   RO         1563    .ARM.Collect$$libinit$$0000000C  c_w.l(libinit2.o)
    0x080001a6   0x080001a6   0x00000000   Code   RO         1565    .ARM.Collect$$libinit$$0000000E  c_w.l(libinit2.o)
    0x080001a6   0x080001a6   0x00000000   Code   RO         1567    .ARM.Collect$$libinit$$00000010  c_w.l(libinit2.o)
    0x080001a6   0x080001a6   0x00000000   Code   RO         1570    .ARM.Collect$$libinit$$00000013  c_w.l(libinit2.o)
    0x080001a6   0x080001a6   0x00000000   Code   RO         1572    .ARM.Collect$$libinit$$00000015  c_w.l(libinit2.o)
    0x080001a6   0x080001a6   0x00000000   Code   RO         1574    .ARM.Collect$$libinit$$00000017  c_w.l(libinit2.o)
    0x080001a6   0x080001a6   0x00000000   Code   RO         1576    .ARM.Collect$$libinit$$00000019  c_w.l(libinit2.o)
    0x080001a6   0x080001a6   0x00000000   Code   RO         1578    .ARM.Collect$$libinit$$0000001B  c_w.l(libinit2.o)
    0x080001a6   0x080001a6   0x00000000   Code   RO         1580    .ARM.Collect$$libinit$$0000001D  c_w.l(libinit2.o)
    0x080001a6   0x080001a6   0x00000000   Code   RO         1582    .ARM.Collect$$libinit$$0000001F  c_w.l(libinit2.o)
    0x080001a6   0x080001a6   0x00000000   Code   RO         1584    .ARM.Collect$$libinit$$00000021  c_w.l(libinit2.o)
    0x080001a6   0x080001a6   0x00000000   Code   RO         1586    .ARM.Collect$$libinit$$00000023  c_w.l(libinit2.o)
    0x080001a6   0x080001a6   0x00000000   Code   RO         1588    .ARM.Collect$$libinit$$00000025  c_w.l(libinit2.o)
    0x080001a6   0x080001a6   0x00000000   Code   RO         1590    .ARM.Collect$$libinit$$00000027  c_w.l(libinit2.o)
    0x080001a6   0x080001a6   0x00000000   Code   RO         1594    .ARM.Collect$$libinit$$0000002E  c_w.l(libinit2.o)
    0x080001a6   0x080001a6   0x00000000   Code   RO         1596    .ARM.Collect$$libinit$$00000030  c_w.l(libinit2.o)
    0x080001a6   0x080001a6   0x00000000   Code   RO         1598    .ARM.Collect$$libinit$$00000032  c_w.l(libinit2.o)
    0x080001a6   0x080001a6   0x00000000   Code   RO         1600    .ARM.Collect$$libinit$$00000034  c_w.l(libinit2.o)
    0x080001a6   0x080001a6   0x00000002   Code   RO         1601    .ARM.Collect$$libinit$$00000035  c_w.l(libinit2.o)
    0x080001a8   0x080001a8   0x00000002   Code   RO         1753    .ARM.Collect$$libshutdown$$00000000  c_w.l(libshutdown.o)
    0x080001aa   0x080001aa   0x00000000   Code   RO         1664    .ARM.Collect$$libshutdown$$00000002  c_w.l(libshutdown2.o)
    0x080001aa   0x080001aa   0x00000000   Code   RO         1666    .ARM.Collect$$libshutdown$$00000004  c_w.l(libshutdown2.o)
    0x080001aa   0x080001aa   0x00000000   Code   RO         1669    .ARM.Collect$$libshutdown$$00000007  c_w.l(libshutdown2.o)
    0x080001aa   0x080001aa   0x00000000   Code   RO         1672    .ARM.Collect$$libshutdown$$0000000A  c_w.l(libshutdown2.o)
    0x080001aa   0x080001aa   0x00000000   Code   RO         1674    .ARM.Collect$$libshutdown$$0000000C  c_w.l(libshutdown2.o)
    0x080001aa   0x080001aa   0x00000000   Code   RO         1677    .ARM.Collect$$libshutdown$$0000000F  c_w.l(libshutdown2.o)
    0x080001aa   0x080001aa   0x00000002   Code   RO         1678    .ARM.Collect$$libshutdown$$00000010  c_w.l(libshutdown2.o)
    0x080001ac   0x080001ac   0x00000000   Code   RO         1510    .ARM.Collect$$rtentry$$00000000  c_w.l(__rtentry.o)
    0x080001ac   0x080001ac   0x00000000   Code   RO         1608    .ARM.Collect$$rtentry$$00000002  c_w.l(__rtentry2.o)
    0x080001ac   0x080001ac   0x00000006   Code   RO         1620    .ARM.Collect$$rtentry$$00000004  c_w.l(__rtentry4.o)
    0x080001b2   0x080001b2   0x00000000   Code   RO         1610    .ARM.Collect$$rtentry$$00000009  c_w.l(__rtentry2.o)
    0x080001b2   0x080001b2   0x00000004   Code   RO         1611    .ARM.Collect$$rtentry$$0000000A  c_w.l(__rtentry2.o)
    0x080001b6   0x080001b6   0x00000000   Code   RO         1613    .ARM.Collect$$rtentry$$0000000C  c_w.l(__rtentry2.o)
    0x080001b6   0x080001b6   0x00000008   Code   RO         1614    .ARM.Collect$$rtentry$$0000000D  c_w.l(__rtentry2.o)
    0x080001be   0x080001be   0x00000002   Code   RO         1718    .ARM.Collect$$rtexit$$00000000  c_w.l(rtexit.o)
    0x080001c0   0x080001c0   0x00000000   Code   RO         1731    .ARM.Collect$$rtexit$$00000002  c_w.l(rtexit2.o)
    0x080001c0   0x080001c0   0x00000004   Code   RO         1732    .ARM.Collect$$rtexit$$00000003  c_w.l(rtexit2.o)
    0x080001c4   0x080001c4   0x00000006   Code   RO         1733    .ARM.Collect$$rtexit$$00000004  c_w.l(rtexit2.o)
    0x080001ca   0x080001ca   0x00000002   PAD
    0x080001cc   0x080001cc   0x00000018   Code   RO          152    .text               hardfaulthandler.o
    0x080001e4   0x080001e4   0x00000040   Code   RO          253    .text               startup_stm32f10x_hd.o
    0x08000224   0x08000224   0x0000008c   Code   RO          760    .text               segger_rtt_asm_armv7m.o
    0x080002b0   0x080002b0   0x00000158   Code   RO          773    .text               osT7LDP.lib(RTOS.o)
    0x08000408   0x08000408   0x000000f0   Code   RO         1478    .text               c_w.l(lludivv7m.o)
    0x080004f8   0x080004f8   0x0000008a   Code   RO         1498    .text               c_w.l(rt_memcpy_v6.o)
    0x08000582   0x08000582   0x00000010   Code   RO         1500    .text               c_w.l(aeabi_memset.o)
    0x08000592   0x08000592   0x0000004e   Code   RO         1502    .text               c_w.l(rt_memclr_w.o)
    0x080005e0   0x080005e0   0x00000006   Code   RO         1506    .text               c_w.l(heapauxi.o)
    0x080005e6   0x080005e6   0x00000064   Code   RO         1549    .text               c_w.l(rt_memcpy_w.o)
    0x0800064a   0x0800064a   0x00000044   Code   RO         1551    .text               c_w.l(rt_memclr.o)
    0x0800068e   0x0800068e   0x00000002   PAD
    0x08000690   0x08000690   0x00000008   Code   RO         1604    .text               c_w.l(libspace.o)
    0x08000698   0x08000698   0x0000004a   Code   RO         1681    .text               c_w.l(sys_stackheap_outer.o)
    0x080006e2   0x080006e2   0x00000012   Code   RO         1696    .text               c_w.l(exit.o)
    0x080006f4   0x080006f4   0x00000020   Code   RO           33    .text.BSP_ClrLED    bsp.o
    0x08000714   0x08000714   0x00000032   Code   RO           29    .text.BSP_Init      bsp.o
    0x08000746   0x08000746   0x00000002   PAD
    0x08000748   0x08000748   0x00000020   Code   RO           31    .text.BSP_SetLED    bsp.o
    0x08000768   0x08000768   0x00000030   Code   RO           35    .text.BSP_ToggleLED  bsp.o
    0x08000798   0x08000798   0x00000186   Code   RO          354    .text.GPIO_Init     stm32f10x_gpio.o
    0x0800091e   0x0800091e   0x00000002   PAD
    0x08000920   0x08000920   0x00000014   Code   RO          366    .text.GPIO_SetBits  stm32f10x_gpio.o
    0x08000934   0x08000934   0x00000012   Code   RO            4    .text.HPTask        os_startledblink.o
    0x08000946   0x08000946   0x00000002   PAD
    0x08000948   0x08000948   0x00000116   Code   RO          143    .text.HardFaultHandler  segger_hardfaulthandler.o
    0x08000a5e   0x08000a5e   0x00000002   PAD
    0x08000a60   0x08000a60   0x000000cc   Code   RO           44    .text.JLINKMEM_Process  jlinkmem_process.o
    0x08000b2c   0x08000b2c   0x000000de   Code   RO           54    .text.JLINKMEM_SendChar  jlinkmem_process.o
    0x08000c0a   0x08000c0a   0x00000002   PAD
    0x08000c0c   0x08000c0c   0x00000014   Code   RO           66    .text.JLINKMEM_SetpfGetNextChar  jlinkmem_process.o
    0x08000c20   0x08000c20   0x00000014   Code   RO           62    .text.JLINKMEM_SetpfOnRx  jlinkmem_process.o
    0x08000c34   0x08000c34   0x00000014   Code   RO           64    .text.JLINKMEM_SetpfOnTx  jlinkmem_process.o
    0x08000c48   0x08000c48   0x00000060   Code   RO          766    .text.LED_Init      led.o
    0x08000ca8   0x08000ca8   0x00000012   Code   RO            6    .text.LPTask        os_startledblink.o
    0x08000cba   0x08000cba   0x00000002   PAD
    0x08000cbc   0x08000cbc   0x0000001c   Code   RO           10    .text.LedTask       os_startledblink.o
    0x08000cd8   0x08000cd8   0x00000058   Code   RO         1398    .text.OS_ARMv7M_Init  osT7LDP.lib(OS_ARMv7M_Init.o)
    0x08000d30   0x08000d30   0x0000002c   Code   RO          903    .text.OS_AssertCPUInISRMode  osT7LDP.lib(OS_Kern.o)
    0x08000d5c   0x08000d5c   0x00000010   Code   RO          776    .text.OS_COM_ClearTxActive  osT7LDP.lib(OS_Com.o)
    0x08000d6c   0x08000d6c   0x0000001c   Code   RO          786    .text.OS_COM_GetInU16  osT7LDP.lib(OS_Com.o)
    0x08000d88   0x08000d88   0x00000012   Code   RO          788    .text.OS_COM_GetInU32  osT7LDP.lib(OS_Com.o)
    0x08000d9a   0x08000d9a   0x00000004   Code   RO          790    .text.OS_COM_GetNextChar  osT7LDP.lib(OS_Com.o)
    0x08000d9e   0x08000d9e   0x00000002   PAD
    0x08000da0   0x08000da0   0x00000094   Code   RO          800    .text.OS_COM_OnRx   osT7LDP.lib(OS_Com.o)
    0x08000e34   0x08000e34   0x00000018   Code   RO          804    .text.OS_COM_OnTx   osT7LDP.lib(OS_Com.o)
    0x08000e4c   0x08000e4c   0x00000014   Code   RO          172    .text.OS_COM_Send1  rtosinit_stm32f1xx.o
    0x08000e60   0x08000e60   0x00000014   Code   RO          796    .text.OS_COM_StoreOutU16  osT7LDP.lib(OS_Com.o)
    0x08000e74   0x08000e74   0x00000014   Code   RO          798    .text.OS_COM_StoreOutU32  osT7LDP.lib(OS_Com.o)
    0x08000e88   0x08000e88   0x0000001c   Code   RO          794    .text.OS_COM_StoreOutU8  osT7LDP.lib(OS_Com.o)
    0x08000ea4   0x08000ea4   0x000002ac   Code   RO          909    .text.OS_ChangeTask_STD  osT7LDP.lib(OS_Kern.o)
    0x08001150   0x08001150   0x00000034   Code   RO          923    .text.OS_Deactivated  osT7LDP.lib(OS_Kern.o)
    0x08001184   0x08001184   0x0000005c   Code   RO          929    .text.OS_EnableProfiling  osT7LDP.lib(OS_Kern.o)
    0x080011e0   0x080011e0   0x0000003c   Code   RO           91    .text.OS_Error      os_error.o
    0x0800121c   0x0800121c   0x00000030   Code   RO         1390    .text.OS_GetCPUState  osT7LDP.lib(OS_ARMv7M_GetCPUState.o)
    0x0800124c   0x0800124c   0x0000003c   Code   RO          849    .text.OS_INFO_GetCPU  osT7LDP.lib(OS_Info.o)
    0x08001288   0x08001288   0x00000038   Code   RO          853    .text.OS_INFO_GetLibName  osT7LDP.lib(OS_Info.o)
    0x080012c0   0x080012c0   0x00000038   Code   RO          859    .text.OS_INFO_GetVersion  osT7LDP.lib(OS_Info.o)
    0x080012f8   0x080012f8   0x00000004   Code   RO          170    .text.OS_Idle       rtosinit_stm32f1xx.o
    0x080012fc   0x080012fc   0x000000e4   Code   RO          160    .text.OS_InitHW     rtosinit_stm32f1xx.o
    0x080013e0   0x080013e0   0x00000032   Code   RO           99    .text.OS_InitSysStackInfo  os_initsysstackinfo.o
    0x08001412   0x08001412   0x00000002   PAD
    0x08001414   0x08001414   0x000000b4   Code   RO          949    .text.OS_Init_STD   osT7LDP.lib(OS_Kern.o)
    0x080014c8   0x080014c8   0x00000080   Code   RO          915    .text.OS_InsertTask  osT7LDP.lib(OS_Kern.o)
    0x08001548   0x08001548   0x0000001c   Code   RO         1283    .text.OS_InterruptSafetyLock  osT7LDP.lib(OS_ThreadSafeInt.o)
    0x08001564   0x08001564   0x00000018   Code   RO         1285    .text.OS_InterruptSafetyUnlock  osT7LDP.lib(OS_ThreadSafeInt.o)
    0x0800157c   0x0800157c   0x0000003c   Code   RO          951    .text.OS_IsRunning  osT7LDP.lib(OS_Kern.o)
    0x080015b8   0x080015b8   0x00000090   Code   RO          911    .text.OS_MakeTaskReady  osT7LDP.lib(OS_Kern.o)
    0x08001648   0x08001648   0x00000012   Code   RO          933    .text.OS_RemoveTaskFromWaitList  osT7LDP.lib(OS_Kern.o)
    0x0800165a   0x0800165a   0x00000004   Code   RO         1261    .text.OS_STACK_GetSP  osT7LDP.lib(OS_StackInfo.o)
    0x0800165e   0x0800165e   0x00000002   PAD
    0x08001660   0x08001660   0x0000000c   Code   RO         1257    .text.OS_STACK_GetSysStackBase  osT7LDP.lib(OS_StackInfo.o)
    0x0800166c   0x0800166c   0x0000000c   Code   RO         1259    .text.OS_STACK_GetSysStackSize  osT7LDP.lib(OS_StackInfo.o)
    0x08001678   0x08001678   0x0000007c   Code   RO          861    .text.OS_STACK_GetTaskStackBase  osT7LDP.lib(OS_Info.o)
    0x080016f4   0x080016f4   0x0000007c   Code   RO          863    .text.OS_STACK_GetTaskStackSize  osT7LDP.lib(OS_Info.o)
    0x08001770   0x08001770   0x000000b8   Code   RO          967    .text.OS_STAT_GetExecTime  osT7LDP.lib(OS_Kern.o)
    0x08001828   0x08001828   0x00000038   Code   RO          935    .text.OS_SaveMainStack  osT7LDP.lib(OS_Kern.o)
    0x08001860   0x08001860   0x00000164   Code   RO         1061    .text.OS_TASK_Create_DP  osT7LDP.lib(OS_Task.o)
    0x080019c4   0x080019c4   0x0000004c   Code   RO         1065    .text.OS_TASK_Delay  osT7LDP.lib(OS_Task.o)
    0x08001a10   0x08001a10   0x00000060   Code   RO         1075    .text.OS_TASK_GetName  osT7LDP.lib(OS_Task.o)
    0x08001a70   0x08001a70   0x0000007c   Code   RO         1083    .text.OS_TASK_GetTimeSliceRem  osT7LDP.lib(OS_Task.o)
    0x08001aec   0x08001aec   0x00000064   Code   RO         1057    .text.OS_TASK_LeaveRegion  osT7LDP.lib(OS_Task.o)
    0x08001b50   0x08001b50   0x00000094   Code   RO         1026    .text.OS_TICK_Handle  osT7LDP.lib(OS_SysTick.o)
    0x08001be4   0x08001be4   0x000000a0   Code   RO         1176    .text.OS_TIME_ConfigSysTimer  osT7LDP.lib(OS_Timing.o)
    0x08001c84   0x08001c84   0x0000001c   Code   RO         1212    .text.OS_TIME_GetTicks  osT7LDP.lib(OS_Timing.o)
    0x08001ca0   0x08001ca0   0x0000001c   Code   RO         1214    .text.OS_TIME_GetTicks32  osT7LDP.lib(OS_Timing.o)
    0x08001cbc   0x08001cbc   0x0000003c   Code   RO         1180    .text.OS_TIME_Get_us64  osT7LDP.lib(OS_Timing.o)
    0x08001cf8   0x08001cf8   0x00000028   Code   RO         1249    .text.OS_TRACE_SetAPI  osT7LDP.lib(OS_Trace.o)
    0x08001d20   0x08001d20   0x00000018   Code   RO          937    .text.OS_TaskInit   osT7LDP.lib(OS_Kern.o)
    0x08001d38   0x08001d38   0x00000006   Code   RO          939    .text.OS_TerminateError  osT7LDP.lib(OS_Kern.o)
    0x08001d3e   0x08001d3e   0x00000002   PAD
    0x08001d40   0x08001d40   0x00000034   Code   RO          953    .text.OS__Start     osT7LDP.lib(OS_Kern.o)
    0x08001d74   0x08001d74   0x0000002c   Code   RO         1174    .text.OS__TIME_ConvertCycles2us  osT7LDP.lib(OS_Timing.o)
    0x08001da0   0x08001da0   0x00000084   Code   RO         1168    .text.OS__TIME_GetCycles  osT7LDP.lib(OS_Timing.o)
    0x08001e24   0x08001e24   0x00000006   Code   RO          818    .text.OUTLINED_FUNCTION_0  osT7LDP.lib(OS_Com.o)
    0x08001e2a   0x08001e2a   0x00000006   Code   RO          873    .text.OUTLINED_FUNCTION_0  osT7LDP.lib(OS_Info.o)
    0x08001e30   0x08001e30   0x00000006   Code   RO          989    .text.OUTLINED_FUNCTION_0  osT7LDP.lib(OS_Kern.o)
    0x08001e36   0x08001e36   0x0000001c   Code   RO         1038    .text.OUTLINED_FUNCTION_0  osT7LDP.lib(OS_SysTick.o)
    0x08001e52   0x08001e52   0x00000006   Code   RO         1123    .text.OUTLINED_FUNCTION_0  osT7LDP.lib(OS_Task.o)
    0x08001e58   0x08001e58   0x00000006   Code   RO         1216    .text.OUTLINED_FUNCTION_0  osT7LDP.lib(OS_Timing.o)
    0x08001e5e   0x08001e5e   0x00000008   Code   RO          875    .text.OUTLINED_FUNCTION_1  osT7LDP.lib(OS_Info.o)
    0x08001e66   0x08001e66   0x00000008   Code   RO          991    .text.OUTLINED_FUNCTION_1  osT7LDP.lib(OS_Kern.o)
    0x08001e6e   0x08001e6e   0x00000008   Code   RO         1040    .text.OUTLINED_FUNCTION_1  osT7LDP.lib(OS_SysTick.o)
    0x08001e76   0x08001e76   0x00000008   Code   RO         1125    .text.OUTLINED_FUNCTION_1  osT7LDP.lib(OS_Task.o)
    0x08001e7e   0x08001e7e   0x0000000a   Code   RO         1218    .text.OUTLINED_FUNCTION_1  osT7LDP.lib(OS_Timing.o)
    0x08001e88   0x08001e88   0x0000000e   Code   RO         1236    .text.OUTLINED_FUNCTION_10  osT7LDP.lib(OS_Timing.o)
    0x08001e96   0x08001e96   0x00000006   Code   RO         1145    .text.OUTLINED_FUNCTION_11  osT7LDP.lib(OS_Task.o)
    0x08001e9c   0x08001e9c   0x0000000e   Code   RO         1147    .text.OUTLINED_FUNCTION_12  osT7LDP.lib(OS_Task.o)
    0x08001eaa   0x08001eaa   0x00000008   Code   RO         1149    .text.OUTLINED_FUNCTION_13  osT7LDP.lib(OS_Task.o)
    0x08001eb2   0x08001eb2   0x00000008   Code   RO         1153    .text.OUTLINED_FUNCTION_15  osT7LDP.lib(OS_Task.o)
    0x08001eba   0x08001eba   0x00000008   Code   RO          877    .text.OUTLINED_FUNCTION_2  osT7LDP.lib(OS_Info.o)
    0x08001ec2   0x08001ec2   0x00000006   Code   RO          993    .text.OUTLINED_FUNCTION_2  osT7LDP.lib(OS_Kern.o)
    0x08001ec8   0x08001ec8   0x0000000a   Code   RO         1042    .text.OUTLINED_FUNCTION_2  osT7LDP.lib(OS_SysTick.o)
    0x08001ed2   0x08001ed2   0x00000006   Code   RO         1127    .text.OUTLINED_FUNCTION_2  osT7LDP.lib(OS_Task.o)
    0x08001ed8   0x08001ed8   0x00000006   Code   RO          879    .text.OUTLINED_FUNCTION_3  osT7LDP.lib(OS_Info.o)
    0x08001ede   0x08001ede   0x0000000a   Code   RO         1044    .text.OUTLINED_FUNCTION_3  osT7LDP.lib(OS_SysTick.o)
    0x08001ee8   0x08001ee8   0x00000008   Code   RO         1129    .text.OUTLINED_FUNCTION_3  osT7LDP.lib(OS_Task.o)
    0x08001ef0   0x08001ef0   0x00000008   Code   RO         1222    .text.OUTLINED_FUNCTION_3  osT7LDP.lib(OS_Timing.o)
    0x08001ef8   0x08001ef8   0x00000006   Code   RO          881    .text.OUTLINED_FUNCTION_4  osT7LDP.lib(OS_Info.o)
    0x08001efe   0x08001efe   0x00000006   Code   RO          997    .text.OUTLINED_FUNCTION_4  osT7LDP.lib(OS_Kern.o)
    0x08001f04   0x08001f04   0x00000006   Code   RO         1131    .text.OUTLINED_FUNCTION_4  osT7LDP.lib(OS_Task.o)
    0x08001f0a   0x08001f0a   0x00000006   Code   RO         1224    .text.OUTLINED_FUNCTION_4  osT7LDP.lib(OS_Timing.o)
    0x08001f10   0x08001f10   0x00000008   Code   RO          883    .text.OUTLINED_FUNCTION_5  osT7LDP.lib(OS_Info.o)
    0x08001f18   0x08001f18   0x00000006   Code   RO          999    .text.OUTLINED_FUNCTION_5  osT7LDP.lib(OS_Kern.o)
    0x08001f1e   0x08001f1e   0x00000006   Code   RO         1133    .text.OUTLINED_FUNCTION_5  osT7LDP.lib(OS_Task.o)
    0x08001f24   0x08001f24   0x00000006   Code   RO         1226    .text.OUTLINED_FUNCTION_5  osT7LDP.lib(OS_Timing.o)
    0x08001f2a   0x08001f2a   0x00000006   Code   RO          885    .text.OUTLINED_FUNCTION_6  osT7LDP.lib(OS_Info.o)
    0x08001f30   0x08001f30   0x0000000a   Code   RO         1001    .text.OUTLINED_FUNCTION_6  osT7LDP.lib(OS_Kern.o)
    0x08001f3a   0x08001f3a   0x00000006   Code   RO         1135    .text.OUTLINED_FUNCTION_6  osT7LDP.lib(OS_Task.o)
    0x08001f40   0x08001f40   0x00000006   Code   RO         1228    .text.OUTLINED_FUNCTION_6  osT7LDP.lib(OS_Timing.o)
    0x08001f46   0x08001f46   0x00000008   Code   RO          887    .text.OUTLINED_FUNCTION_7  osT7LDP.lib(OS_Info.o)
    0x08001f4e   0x08001f4e   0x00000008   Code   RO         1003    .text.OUTLINED_FUNCTION_7  osT7LDP.lib(OS_Kern.o)
    0x08001f56   0x08001f56   0x00000008   Code   RO         1137    .text.OUTLINED_FUNCTION_7  osT7LDP.lib(OS_Task.o)
    0x08001f5e   0x08001f5e   0x00000008   Code   RO         1230    .text.OUTLINED_FUNCTION_7  osT7LDP.lib(OS_Timing.o)
    0x08001f66   0x08001f66   0x00000006   Code   RO          889    .text.OUTLINED_FUNCTION_8  osT7LDP.lib(OS_Info.o)
    0x08001f6c   0x08001f6c   0x00000008   Code   RO         1139    .text.OUTLINED_FUNCTION_8  osT7LDP.lib(OS_Task.o)
    0x08001f74   0x08001f74   0x00000006   Code   RO         1007    .text.OUTLINED_FUNCTION_9  osT7LDP.lib(OS_Kern.o)
    0x08001f7a   0x08001f7a   0x00000008   Code   RO         1234    .text.OUTLINED_FUNCTION_9  osT7LDP.lib(OS_Timing.o)
    0x08001f82   0x08001f82   0x00000002   PAD
    0x08001f84   0x08001f84   0x00000012   Code   RO            8    .text.OtherTask     os_startledblink.o
    0x08001f96   0x08001f96   0x00000002   PAD
    0x08001f98   0x08001f98   0x00000038   Code   RO          321    .text.RCC_APB2PeriphClockCmd  stm32f10x_rcc.o
    0x08001fd0   0x08001fd0   0x000000ee   Code   RO          506    .text.SEGGER_RTT_AllocUpBuffer  segger_rtt.o
    0x080020be   0x080020be   0x00000002   PAD
    0x080020c0   0x080020c0   0x000000a0   Code   RO          510    .text.SEGGER_RTT_ConfigDownBuffer  segger_rtt.o
    0x08002160   0x08002160   0x00000138   Code   RO          464    .text.SEGGER_RTT_ReadNoLock  segger_rtt.o
    0x08002298   0x08002298   0x00000066   Code   RO          736    .text.SEGGER_SYSVIEW_Conf  segger_sysview_config_embos.o
    0x080022fe   0x080022fe   0x00000002   PAD
    0x08002300   0x08002300   0x00000144   Code   RO          610    .text.SEGGER_SYSVIEW_GetSysDesc  segger_sysview.o
    0x08002444   0x08002444   0x00000080   Code   RO          564    .text.SEGGER_SYSVIEW_Init  segger_sysview.o
    0x080024c4   0x080024c4   0x0000008a   Code   RO          652    .text.SEGGER_SYSVIEW_NameResource  segger_sysview.o
    0x0800254e   0x0800254e   0x00000002   PAD
    0x08002550   0x08002550   0x00000034   Code   RO          630    .text.SEGGER_SYSVIEW_OnIdle  segger_sysview.o
    0x08002584   0x08002584   0x00000080   Code   RO          632    .text.SEGGER_SYSVIEW_OnTaskCreate  segger_sysview.o
    0x08002604   0x08002604   0x00000080   Code   RO          636    .text.SEGGER_SYSVIEW_OnTaskStartExec  segger_sysview.o
    0x08002684   0x08002684   0x00000080   Code   RO          640    .text.SEGGER_SYSVIEW_OnTaskStartReady  segger_sysview.o
    0x08002704   0x08002704   0x00000034   Code   RO          638    .text.SEGGER_SYSVIEW_OnTaskStopExec  segger_sysview.o
    0x08002738   0x08002738   0x000000b8   Code   RO          642    .text.SEGGER_SYSVIEW_OnTaskStopReady  segger_sysview.o
    0x080027f0   0x080027f0   0x00000080   Code   RO          634    .text.SEGGER_SYSVIEW_OnTaskTerminate  segger_sysview.o
    0x08002870   0x08002870   0x00000070   Code   RO          626    .text.SEGGER_SYSVIEW_RecordEndCall  segger_sysview.o
    0x080028e0   0x080028e0   0x000000a8   Code   RO          628    .text.SEGGER_SYSVIEW_RecordEndCallU32  segger_sysview.o
    0x08002988   0x08002988   0x0000007e   Code   RO          616    .text.SEGGER_SYSVIEW_RecordEnterISR  segger_sysview.o
    0x08002a06   0x08002a06   0x00000002   PAD
    0x08002a08   0x08002a08   0x0000007c   Code   RO          622    .text.SEGGER_SYSVIEW_RecordEnterTimer  segger_sysview.o
    0x08002a84   0x08002a84   0x00000034   Code   RO          618    .text.SEGGER_SYSVIEW_RecordExitISR  segger_sysview.o
    0x08002ab8   0x08002ab8   0x00000034   Code   RO          620    .text.SEGGER_SYSVIEW_RecordExitISRToScheduler  segger_sysview.o
    0x08002aec   0x08002aec   0x00000034   Code   RO          624    .text.SEGGER_SYSVIEW_RecordExitTimer  segger_sysview.o
    0x08002b20   0x08002b20   0x00000056   Code   RO          600    .text.SEGGER_SYSVIEW_RecordSystime  segger_sysview.o
    0x08002b76   0x08002b76   0x00000002   PAD
    0x08002b78   0x08002b78   0x00000072   Code   RO          574    .text.SEGGER_SYSVIEW_RecordU32  segger_sysview.o
    0x08002bea   0x08002bea   0x00000002   PAD
    0x08002bec   0x08002bec   0x000000aa   Code   RO          576    .text.SEGGER_SYSVIEW_RecordU32x2  segger_sysview.o
    0x08002c96   0x08002c96   0x00000002   PAD
    0x08002c98   0x08002c98   0x000000e2   Code   RO          578    .text.SEGGER_SYSVIEW_RecordU32x3  segger_sysview.o
    0x08002d7a   0x08002d7a   0x00000002   PAD
    0x08002d7c   0x08002d7c   0x0000011c   Code   RO          580    .text.SEGGER_SYSVIEW_RecordU32x4  segger_sysview.o
    0x08002e98   0x08002e98   0x00000156   Code   RO          582    .text.SEGGER_SYSVIEW_RecordU32x5  segger_sysview.o
    0x08002fee   0x08002fee   0x00000002   PAD
    0x08002ff0   0x08002ff0   0x00000036   Code   RO          568    .text.SEGGER_SYSVIEW_RecordVoid  segger_sysview.o
    0x08003026   0x08003026   0x00000002   PAD
    0x08003028   0x08003028   0x0000010c   Code   RO          670    .text.SEGGER_SYSVIEW_SendModule  segger_sysview.o
    0x08003134   0x08003134   0x00000046   Code   RO          674    .text.SEGGER_SYSVIEW_SendModuleDescription  segger_sysview.o
    0x0800317a   0x0800317a   0x00000002   PAD
    0x0800317c   0x0800317c   0x00000076   Code   RO          604    .text.SEGGER_SYSVIEW_SendNumModules  segger_sysview.o
    0x080031f2   0x080031f2   0x00000002   PAD
    0x080031f4   0x080031f4   0x00000042   Code   RO          614    .text.SEGGER_SYSVIEW_SendSysDesc  segger_sysview.o
    0x08003236   0x08003236   0x00000002   PAD
    0x08003238   0x08003238   0x000001bc   Code   RO          612    .text.SEGGER_SYSVIEW_SendTaskInfo  segger_sysview.o
    0x080033f4   0x080033f4   0x00000032   Code   RO          602    .text.SEGGER_SYSVIEW_SendTaskList  segger_sysview.o
    0x08003426   0x08003426   0x00000002   PAD
    0x08003428   0x08003428   0x00000016   Code   RO          666    .text.SEGGER_SYSVIEW_ShrinkId  segger_sysview.o
    0x0800343e   0x0800343e   0x00000002   PAD
    0x08003440   0x08003440   0x0000018a   Code   RO          598    .text.SEGGER_SYSVIEW_Start  segger_sysview.o
    0x080035ca   0x080035ca   0x00000002   PAD
    0x080035cc   0x080035cc   0x00000050   Code   RO          606    .text.SEGGER_SYSVIEW_Stop  segger_sysview.o
    0x0800361c   0x0800361c   0x00000008   Code   RO          236    .text.SetSysClock   system_stm32f10x.o
    0x08003624   0x08003624   0x00000122   Code   RO          240    .text.SetSysClockTo72  system_stm32f10x.o
    0x08003746   0x08003746   0x00000002   PAD
    0x08003748   0x08003748   0x00000052   Code   RO          162    .text.SysTick_Config  rtosinit_stm32f1xx.o
    0x0800379a   0x0800379a   0x00000002   PAD
    0x0800379c   0x0800379c   0x00000170   Code   RO          158    .text.SysTick_Handler  rtosinit_stm32f1xx.o
    0x0800390c   0x0800390c   0x00000122   Code   RO          238    .text.SystemCoreClockUpdate  system_stm32f10x.o
    0x08003a2e   0x08003a2e   0x00000002   PAD
    0x08003a30   0x08003a30   0x00000066   Code   RO          234    .text.SystemInit    system_stm32f10x.o
    0x08003a96   0x08003a96   0x00000002   PAD
    0x08003a98   0x08003a98   0x00000012   Code   RO          182    .text.USART1_IRQHandler  bsp_uart.o
    0x08003aaa   0x08003aaa   0x00000002   PAD
    0x08003aac   0x08003aac   0x00000012   Code   RO          186    .text.USART2_IRQHandler  bsp_uart.o
    0x08003abe   0x08003abe   0x00000002   PAD
    0x08003ac0   0x08003ac0   0x00000012   Code   RO          188    .text.USART3_IRQHandler  bsp_uart.o
    0x08003ad2   0x08003ad2   0x00000002   PAD
    0x08003ad4   0x08003ad4   0x00000038   Code   RO         1067    .text._DelayUntil   osT7LDP.lib(OS_Task.o)
    0x08003b0c   0x08003b0c   0x0000009c   Code   RO          462    .text._DoInit       segger_rtt.o
    0x08003ba8   0x08003ba8   0x0000002a   Code   RO           48    .text._DropTxData   jlinkmem_process.o
    0x08003bd2   0x08003bd2   0x00000002   PAD
    0x08003bd4   0x08003bd4   0x0000009c   Code   RO          596    .text._EncodeStr    segger_sysview.o
    0x08003c70   0x08003c70   0x000001f8   Code   RO          782    .text._EvaPacket    osT7LDP.lib(OS_Com.o)
    0x08003e68   0x08003e68   0x000000c2   Code   RO           58    .text._FillTxBuf    jlinkmem_process.o
    0x08003f2a   0x08003f2a   0x00000002   PAD
    0x08003f2c   0x08003f2c   0x000000ee   Code   RO          708    .text._HandleIncomingPacket  segger_sysview.o
    0x0800401a   0x0800401a   0x00000002   PAD
    0x0800401c   0x0800401c   0x0000007a   Code   RO           46    .text._Init         jlinkmem_process.o
    0x08004096   0x08004096   0x00000002   PAD
    0x08004098   0x08004098   0x00000060   Code   RO           56    .text._LockTxBuf    jlinkmem_process.o
    0x080040f8   0x080040f8   0x0000000c   Code   RO          166    .text._OS_GetHWTimerCycles  rtosinit_stm32f1xx.o
    0x08004104   0x08004104   0x00000010   Code   RO          168    .text._OS_GetHWTimer_IntPending  rtosinit_stm32f1xx.o
    0x08004114   0x08004114   0x00000110   Code   RO          792    .text._OnTx         osT7LDP.lib(OS_Com.o)
    0x08004224   0x08004224   0x0000000c   Code   RO          570    .text._PreparePacket  segger_sysview.o
    0x08004230   0x08004230   0x00000098   Code   RO           50    .text._Receive      jlinkmem_process.o
    0x080042c8   0x080042c8   0x00000010   Code   RO           70    .text._RetriggerTimer  jlinkmem_process.o
    0x080042d8   0x080042d8   0x00000072   Code   RO           52    .text._Send         jlinkmem_process.o
    0x0800434a   0x0800434a   0x00000002   PAD
    0x0800434c   0x0800434c   0x000001ee   Code   RO          572    .text._SendPacket   segger_sysview.o
    0x0800453a   0x0800453a   0x00000002   PAD
    0x0800453c   0x0800453c   0x0000003c   Code   RO          802    .text._StartSend    osT7LDP.lib(OS_Com.o)
    0x08004578   0x08004578   0x0000000e   Code   RO           68    .text._StopTimer    jlinkmem_process.o
    0x08004586   0x08004586   0x00000002   PAD
    0x08004588   0x08004588   0x0000004c   Code   RO          816    .text._StoreOutString  osT7LDP.lib(OS_Com.o)
    0x080045d4   0x080045d4   0x000000ea   Code   RO          710    .text._TrySendOverflowPacket  segger_sysview.o
    0x080046be   0x080046be   0x00000002   PAD
    0x080046c0   0x080046c0   0x000001f6   Code   RO          184    .text._UART_IRQHandler  bsp_uart.o
    0x080048b6   0x080048b6   0x00000002   PAD
    0x080048b8   0x080048b8   0x0000000e   Code   RO           60    .text._UnlockTxBuf  jlinkmem_process.o
    0x080048c6   0x080048c6   0x00000002   PAD
    0x080048c8   0x080048c8   0x00000042   Code   RO          164    .text.__NVIC_SetPriority  rtosinit_stm32f1xx.o
    0x0800490a   0x0800490a   0x00000002   PAD
    0x0800490c   0x0800490c   0x0000001c   Code   RO          738    .text._cbSendSystemDesc  segger_sysview_config_embos.o
    0x08004928   0x08004928   0x0000004e   Code   RO          748    .text._cbSendTaskInfo  segger_sysview_embos.o
    0x08004976   0x08004976   0x00000002   PAD
    0x08004978   0x08004978   0x0000005e   Code   RO          750    .text._cbSendTaskList  segger_sysview_embos.o
    0x080049d6   0x080049d6   0x00000002   PAD
    0x080049d8   0x080049d8   0x0000000e   Code   RO          223    .text._mutex_acquire  os_threadsafe.o
    0x080049e6   0x080049e6   0x00000002   PAD
    0x080049e8   0x080049e8   0x00000008   Code   RO          221    .text._mutex_free   os_threadsafe.o
    0x080049f0   0x080049f0   0x0000000a   Code   RO          219    .text._mutex_initialize  os_threadsafe.o
    0x080049fa   0x080049fa   0x00000002   PAD
    0x080049fc   0x080049fc   0x0000000e   Code   RO          225    .text._mutex_release  os_threadsafe.o
    0x08004a0a   0x08004a0a   0x00000002   PAD
    0x08004a0c   0x08004a0c   0x00000008   Code   RO          131    .text._sys_exit     retarget.o
    0x08004a14   0x08004a14   0x00000108   Code   RO            2    .text.main          os_startledblink.o
    0x08004b1c   0x08004b1c   0x00000010   Data   RO          243    .rodata.AHBPrescTable  system_stm32f10x.o
    0x08004b2c   0x08004b2c   0x00000018   Data   RO          891    .rodata.OS_DebugInfo  osT7LDP.lib(OS_Info.o)
    0x08004b44   0x08004b44   0x00000010   Data   RO          892    .rodata.OS_INFO_GetCPU.acCPU  osT7LDP.lib(OS_Info.o)
    0x08004b54   0x08004b54   0x00000006   Data   RO          894    .rodata.OS_INFO_GetLibName.acLibName  osT7LDP.lib(OS_Info.o)
    0x08004b5a   0x08004b5a   0x00000002   PAD
    0x08004b5c   0x08004b5c   0x00000004   Data   RO          174    .rodata.OS_JLINKMEM_BufferSize  rtosinit_stm32f1xx.o
    0x08004b60   0x08004b60   0x0000000a   Data   RO         1157    .rodata.OS_TASK_GetName.acIdleText  osT7LDP.lib(OS_Task.o)
    0x08004b6a   0x08004b6a   0x00000002   PAD
    0x08004b6c   0x08004b6c   0x00000004   Data   RO          829    .rodata.OS_Version  osT7LDP.lib(OS_Global.o)
    0x08004b70   0x08004b70   0x00000004   Data   RO          831    .rodata.OS_sCopyright  osT7LDP.lib(OS_Global.o)
    0x08004b74   0x08004b74   0x00000008   Data   RO          753    .rodata.SYSVIEW_X_OS_TraceAPI  segger_sysview_embos.o
    0x08004b7c   0x08004b7c   0x00000011   Data   RO          535    .rodata._DoInit._aInitStr  segger_rtt.o
    0x08004b8d   0x08004b8d   0x0000000a   Data   RO          723    .rodata._abSync     segger_sysview.o
    0x08004b97   0x08004b97   0x00000001   PAD
    0x08004b98   0x08004b98   0x0000005c   Data   RO          752    .rodata.embOS_TraceAPI_SYSVIEW  segger_sysview_embos.o
    0x08004bf4   0x08004bf4   0x00000024   Data   RO           13    .rodata.str1.1      os_startledblink.o
    0x08004c18   0x08004c18   0x00000009   Data   RO          536    .rodata.str1.1      segger_rtt.o
    0x08004c21   0x08004c21   0x00000008   Data   RO          718    .rodata.str1.1      segger_sysview.o
    0x08004c29   0x08004c29   0x00000037   Data   RO          740    .rodata.str1.1      segger_sysview_config_embos.o
    0x08004c60   0x08004c60   0x00000015   Data   RO          830    .rodata.str1.1      osT7LDP.lib(OS_Global.o)
    0x08004c75   0x08004c75   0x00000003   PAD
    0x08004c78   0x08004c78   0x00000020   Data   RO         1755    Region$$Table       anon$$obj.o


    Execution Region RW_IRAM1 (Exec base: 0x20000000, Load base: 0x08004c98, Size: 0x00001e48, Max: 0x00005000, ABSOLUTE)

    Exec Addr    Load Addr    Size         Type   Attr      Idx    E Section Name        Object

    0x20000000   0x08004c98   0x00000008   Data   RW         1047    .data..L_MergedGlobals  osT7LDP.lib(OS_SysTick.o)
    0x20000008   0x08004ca0   0x00000004   Data   RW          242    .data.SystemCoreClock  system_stm32f10x.o
    0x2000000c   0x08004ca4   0x00000004   PAD
    0x20000010        -       0x00000060   Zero   RW         1605    .bss                c_w.l(libspace.o)
    0x20000070        -       0x00000028   Zero   RW          821    .bss..L_MergedGlobals  osT7LDP.lib(OS_Com.o)
    0x20000098        -       0x0000006c   Zero   RW         1016    .bss..L_MergedGlobals  osT7LDP.lib(OS_Kern.o)
    0x20000104        -       0x0000001c   Zero   RW         1289    .bss..L_MergedGlobals  osT7LDP.lib(OS_ThreadSafeInt.o)
    0x20000120        -       0x00000040   Zero   RW          145    .bss.HardFaultRegs  segger_hardfaulthandler.o
    0x20000160        -       0x00000080   Zero   RW          832    .bss.OS_Global      osT7LDP.lib(OS_Global.o)
    0x200001e0        -       0x00000004   Zero   RW         1263    .bss.OS_SysStackBaseAddr  osT7LDP.lib(OS_StackInfo.o)
    0x200001e4        -       0x00000004   Zero   RW         1265    .bss.OS_SysStackLimit  osT7LDP.lib(OS_StackInfo.o)
    0x200001e8        -       0x00000004   Zero   RW         1264    .bss.OS_SysStackSize  osT7LDP.lib(OS_StackInfo.o)
    0x200001ec        -       0x00000030   Zero   RW          833    .bss.OS_SysTimer_Settings  osT7LDP.lib(OS_Global.o)
    0x2000021c        -       0x00000004   Zero   RW          726    .bss.SEGGER_SYSVIEW_TickCnt  segger_sysview.o
    0x20000220        -       0x00000200   Zero   RW           14    .bss.StackHP        os_startledblink.o
    0x20000420        -       0x00000200   Zero   RW           16    .bss.StackLP        os_startledblink.o
    0x20000620        -       0x00000200   Zero   RW           20    .bss.StackLed       os_startledblink.o
    0x20000820        -       0x00000200   Zero   RW           18    .bss.StackOther     os_startledblink.o
    0x20000a20        -       0x00000050   Zero   RW           12    .bss.TCBHP          os_startledblink.o
    0x20000a70        -       0x00000050   Zero   RW           19    .bss.TCBLED         os_startledblink.o
    0x20000ac0        -       0x00000050   Zero   RW           15    .bss.TCBLP          os_startledblink.o
    0x20000b10        -       0x00000050   Zero   RW           17    .bss.TCBOTHER       os_startledblink.o
    0x20000b60        -       0x00000004   Zero   RW           73    .bss._BaseAddr      jlinkmem_process.o
    0x20000b64        -       0x00000004   Zero   RW          146    .bss._Continue      segger_hardfaulthandler.o
    0x20000b68        -       0x00000008   Zero   RW          721    .bss._DownBuffer    segger_sysview.o
    0x20000b70        -       0x00000004   Zero   RW           72    .bss._IsInited      jlinkmem_process.o
    0x20000b74        -       0x00000001   Zero   RW          725    .bss._NumModules    segger_sysview.o
    0x20000b75   0x08004ca4   0x00000003   PAD
    0x20000b78        -       0x000000a8   Zero   RW          532    .bss._SEGGER_RTT    segger_rtt.o
    0x20000c20        -       0x00000028   Zero   RW          720    .bss._SYSVIEW_Globals  segger_sysview.o
    0x20000c48        -       0x00000004   Zero   RW           83    .bss._TxBufLocked   jlinkmem_process.o
    0x20000c4c        -       0x00000004   Zero   RW           76    .bss._TxIsPending   jlinkmem_process.o
    0x20000c50        -       0x00000001   Zero   RW           77    .bss._TxPendingData  jlinkmem_process.o
    0x20000c51   0x08004ca4   0x00000003   PAD
    0x20000c54        -       0x00000004   Zero   RW           75    .bss._TxTimeout     jlinkmem_process.o
    0x20000c58        -       0x00000004   Zero   RW           74    .bss._TxTimeoutTimer  jlinkmem_process.o
    0x20000c5c        -       0x00000400   Zero   RW          719    .bss._UpBuffer      segger_sysview.o
    0x2000105c        -       0x000000e3   Zero   RW          722    .bss._aPacket       segger_sysview.o
    0x2000113f   0x08004ca4   0x00000001   PAD
    0x20001140        -       0x000000c8   Zero   RW          820    .bss._abOutBuffer   osT7LDP.lib(OS_Com.o)
    0x20001208        -       0x00000010   Zero   RW          538    .bss._acDownBuffer  segger_rtt.o
    0x20001218        -       0x00000400   Zero   RW          537    .bss._acUpBuffer    segger_rtt.o
    0x20001618        -       0x00000004   Zero   RW          724    .bss._pFirstModule  segger_sysview.o
    0x2000161c        -       0x00000004   Zero   RW           82    .bss._pRxBuf        jlinkmem_process.o
    0x20001620        -       0x00000004   Zero   RW           81    .bss._pTxBuf        jlinkmem_process.o
    0x20001624        -       0x00000004   Zero   RW           80    .bss._pfGetNextChar  jlinkmem_process.o
    0x20001628        -       0x00000004   Zero   RW           78    .bss._pfOnRx        jlinkmem_process.o
    0x2000162c        -       0x00000004   Zero   RW           79    .bss._pfOnTx        jlinkmem_process.o
    0x20001630        -       0x0000000c   Zero   RW          210    .bss._pfReadCB      bsp_uart.o
    0x2000163c        -       0x0000000c   Zero   RW          211    .bss._pfWriteCB     bsp_uart.o
    0x20001648        -       0x00000400   Zero   RW          251    HEAP                startup_stm32f10x_hd.o
    0x20001a48        -       0x00000400   Zero   RW          250    STACK               startup_stm32f10x_hd.o


==============================================================================

Image component sizes


      Code (inc. data)   RO Data    RW Data    ZI Data      Debug   Object Name

       162          0          0          0          0        845   bsp.o
       556          0          0          0         24       9000   bsp_uart.o
        24          4          0          0          0        369   hardfaulthandler.o
      1250          0          0          0         45       6620   jlinkmem_process.o
        96          0          0          0          0       1425   led.o
        60          0          0          0          0       4010   os_error.o
        50          0          0          0          0        462   os_initsysstackinfo.o
       346          0         36          0       2368       6503   os_startledblink.o
        46          0          0          0          0        805   os_threadsafe.o
         8          0          0          0          0       2713   retarget.o
       796          0          4          0          0       7855   rtosinit_stm32f1xx.o
       278          0          0          0         68       2741   segger_hardfaulthandler.o
       866          0         26          0       1208      13168   segger_rtt.o
       140          4          0          0          0        682   segger_rtt_asm_armv7m.o
      5998          0         18          0       1308      26162   segger_sysview.o
       130          0         55          0          0        663   segger_sysview_config_embos.o
       172          0        100          0          0       4056   segger_sysview_embos.o
        64         26        304          0       2048        844   startup_stm32f10x_hd.o
       410          0          0          0          0       5424   stm32f10x_gpio.o
        56          0          0          0          0       6743   stm32f10x_rcc.o
       690          0         16          4          0       2794   system_stm32f10x.o

    ----------------------------------------------------------------------
     12292         34        592          4       7080     103884   Object Totals
         0          0         32          0          0          0   (incl. Generated)
        94          0          1          0         11          0   (incl. Padding)

    ----------------------------------------------------------------------

      Code (inc. data)   RO Data    RW Data    ZI Data      Debug   Library Member Name

         8          0          0          0          0         68   __main.o
         0          0          0          0          0          0   __rtentry.o
        12          0          0          0          0          0   __rtentry2.o
         6          0          0          0          0          0   __rtentry4.o
        52          8          0          0          0          0   __scatter.o
        26          0          0          0          0          0   __scatter_copy.o
        28          0          0          0          0          0   __scatter_zi.o
        16          0          0          0          0         68   aeabi_memset.o
        18          0          0          0          0         80   exit.o
         6          0          0          0          0        152   heapauxi.o
         2          0          0          0          0          0   libinit.o
         2          0          0          0          0          0   libinit2.o
         2          0          0          0          0          0   libshutdown.o
         2          0          0          0          0          0   libshutdown2.o
         8          4          0          0         96         68   libspace.o
       240          0          0          0          0        100   lludivv7m.o
        68          0          0          0          0         68   rt_memclr.o
        78          0          0          0          0         80   rt_memclr_w.o
       138          0          0          0          0         68   rt_memcpy_v6.o
       100          0          0          0          0         80   rt_memcpy_w.o
         2          0          0          0          0          0   rtexit.o
        10          0          0          0          0          0   rtexit2.o
        74          0          0          0          0         80   sys_stackheap_outer.o
        48          4          0          0          0        457   OS_ARMv7M_GetCPUState.o
        88          4          0          0          0        628   OS_ARMv7M_Init.o
      1224         56          0          0        240       3446   OS_Com.o
         0          0         29          0        176      10850   OS_Global.o
       482         12         46          0          0       2128   OS_Info.o
      1780         54          0          0        108       6467   OS_Kern.o
        28          8          0          0         12        416   OS_StackInfo.o
       204          8          0          8          0       1170   OS_SysTick.o
       906         20         10          0          0       5573   OS_Task.o
        52          4          0          0         28        859   OS_ThreadSafeInt.o
       524         16          0          0          0       3036   OS_Timing.o
        40          0          0          0          0        304   OS_Trace.o
       344         64          0          0          0         40   RTOS.o

    ----------------------------------------------------------------------
      6632        262         92          8        660      36286   Library Totals
        14          0          7          0          0          0   (incl. Padding)

    ----------------------------------------------------------------------

      Code (inc. data)   RO Data    RW Data    ZI Data      Debug   Library Name

       898         12          0          0         96        912   c_w.l
      5720        250         85          8        564      35374   osT7LDP.lib

    ----------------------------------------------------------------------
      6632        262         92          8        660      36286   Library Totals

    ----------------------------------------------------------------------

==============================================================================


      Code (inc. data)   RO Data    RW Data    ZI Data      Debug   

     18924        296        684         12       7740     139274   Grand Totals
     18924        296        684         12       7740     139274   ELF Image Totals
     18924        296        684         12          0          0   ROM Totals

==============================================================================

    Total RO  Size (Code + RO Data)                19608 (  19.15kB)
    Total RW  Size (RW Data + ZI Data)              7752 (   7.57kB)
    Total ROM Size (Code + RO Data + RW Data)      19620 (  19.16kB)

==============================================================================

